 ArcCompareView

 Timestamp is 6080fc2e (Thu Apr 22 12:31:42 2021)

 Preferred load address is 0000000140000000

 Start         Length     Name                   Class
 0001:00000000 00000260H .text$di                CODE
 0001:00000260 00011280H .text$mn                CODE
 0001:000114e0 00000020H .text$mn$00             CODE
 0001:00011500 00000cf0H .text$x                 CODE
 0001:000121f0 00000042H .text$yd                CODE
 0002:00000000 00001300H .idata$5                DATA
 0002:00001300 00000010H .00cfg                  DATA
 0002:00001310 00000008H .CRT$XCA                DATA
 0002:00001318 00000008H .CRT$XCAA               DATA
 0002:00001320 00000088H .CRT$XCU                DATA
 0002:000013a8 00000008H .CRT$XCZ                DATA
 0002:000013b0 00000008H .CRT$XIA                DATA
 0002:000013b8 00000008H .CRT$XIAA               DATA
 0002:000013c0 00000008H .CRT$XIAC               DATA
 0002:000013c8 00000008H .CRT$XIC                DATA
 0002:000013d0 00000008H .CRT$XIZ                DATA
 0002:000013d8 00000008H .CRT$XLA                DATA
 0002:000013e0 00000008H .CRT$XLZ                DATA
 0002:000013e8 00000008H .CRT$XPA                DATA
 0002:000013f0 00000008H .CRT$XPZ                DATA
 0002:000013f8 00000008H .CRT$XTA                DATA
 0002:00001400 00000010H .CRT$XTZ                DATA
 0002:00001408 00000000H .gfids$y                DATA
 0002:00001410 000222b0H .rdata                  DATA
 0002:000236c0 00000030H .rdata$T                DATA
 0002:000236f0 00001a14H .rdata$r                DATA
 0002:00025104 00000364H .rdata$zzzdbg           DATA
 0002:00025468 00000008H .rtc$IAA                DATA
 0002:00025470 00000008H .rtc$IZZ                DATA
 0002:00025478 00000008H .rtc$TAA                DATA
 0002:00025480 00000008H .rtc$TZZ                DATA
 0002:00025488 00000004H .tls                    DATA
 0002:0002548c 00000004H .tls$                   DATA
 0002:00025490 00000010H .tls$ZZZ                DATA
 0002:000254a0 00003988H .xdata                  DATA
 0002:00028e28 000000ecH .xdata$x                DATA
 0002:00028f14 00000000H .edata                  DATA
 0002:00028f14 0000012cH .idata$2                DATA
 0002:00029040 00000018H .idata$3                DATA
 0002:00029058 00001300H .idata$4                DATA
 0002:0002a358 00006256H .idata$6                DATA
 0003:00000000 00000928H .data                   DATA
 0003:00000928 000006e8H .data$r                 DATA
 0003:00001010 000007e8H .bss                    DATA
 0004:00000000 00001038H .pdata                  DATA
 0005:00000000 000003f0H .rsrc$01                DATA
 0005:000003f0 0001e5e0H .rsrc$02                DATA

  Address         Publics by Value              Rva+Base               Lib:Object

 0000:00000000       __guard_iat_count          0000000000000000     <absolute>
 0000:00000000       __volatile_metadata        0000000000000000     <absolute>
 0000:00000000       __hybrid_code_map_count    0000000000000000     <absolute>
 0000:00000000       __guard_fids_count         0000000000000000     <absolute>
 0000:00000000       __guard_longjmp_count      0000000000000000     <absolute>
 0000:00000000       __guard_longjmp_table      0000000000000000     <absolute>
 0000:00000000       __hybrid_code_map          0000000000000000     <absolute>
 0000:00000000       __guard_iat_table          0000000000000000     <absolute>
 0000:00000000       ___safe_se_handler_count   0000000000000000     <absolute>
 0000:00000000       __enclave_config           0000000000000000     <absolute>
 0000:00000000       ___safe_se_handler_table   0000000000000000     <absolute>
 0000:00000000       __guard_fids_table         0000000000000000     <absolute>
 0000:00000000       __hybrid_auxiliary_iat     0000000000000000     <absolute>
 0000:00000000       __dynamic_value_reloc_table 0000000000000000     <absolute>
 0000:00000100       __guard_flags              0000000000000100     <absolute>
 0000:00000000       __ImageBase                0000000140000000     <linker-defined>
 0001:00000260       ??0CAppAssistWnd@@QEAA@PEAVIAppHandle@@@Z 0000000140001260 f   AppAssistWnd.obj
 0001:000002a0       ??_GCAppAssistWnd@@UEAAPEAXI@Z 00000001400012a0 f i AppAssistWnd.obj
 0001:000002a0       ??_ECAppAssistWnd@@UEAAPEAXI@Z 00000001400012a0 f i AppAssistWnd.obj
 0001:00000310       ?CreateWnd@CAppAssistWnd@@QEAAXPEAUHINSTANCE__@@PEB_W@Z 0000000140001310 f   AppAssistWnd.obj
 0001:00000440       ?DetroyWnd@CAppAssistWnd@@QEAAXXZ 0000000140001440 f   AppAssistWnd.obj
 0001:00000490       ?WindowProc@CAppAssistWnd@@KA_JPEAUHWND__@@I_K_J@Z 0000000140001490 f   AppAssistWnd.obj
 0001:000004f0       ??$_Buynode@U?$pair@W4PAGE_TYPE@AppMainWnd@@PEAVMyPanelBase@@@std@@@?$_Tree_comp_alloc@V?$_Tmap_traits@HPEAVMyPanelBase@@U?$less@H@std@@V?$allocator@U?$pair@$$CBHPEAVMyPanelBase@@@std@@@3@$0A@@std@@@std@@QEAAPEAU?$_Tree_node@U?$pair@$$CBHPEAVMyPanelBase@@@std@@PEAX@1@$$QEAU?$pair@W4PAGE_TYPE@AppMainWnd@@PEAVMyPanelBase@@@1@@Z 00000001400014f0 f i AppMainWnd.obj
 0001:000004f0       ??$_Buynode@U?$pair@W4PANEL_TYPE@ComparePage@@PEAVMyPanelBase@@@std@@@?$_Tree_comp_alloc@V?$_Tmap_traits@HPEAVMyPanelBase@@U?$less@H@std@@V?$allocator@U?$pair@$$CBHPEAVMyPanelBase@@@std@@@3@$0A@@std@@@std@@QEAAPEAU?$_Tree_node@U?$pair@$$CBHPEAVMyPanelBase@@@std@@PEAX@1@$$QEAU?$pair@W4PANEL_TYPE@ComparePage@@PEAVMyPanelBase@@@1@@Z 00000001400014f0 f i ComparePage.obj
 0001:00000530       ??$_Insert_at@AEAU?$pair@$$CBHPEAVMyPanelBase@@@std@@PEAU?$_Tree_node@U?$pair@$$CBHPEAVMyPanelBase@@@std@@PEAX@2@@?$_Tree@V?$_Tmap_traits@HPEAVMyPanelBase@@U?$less@H@std@@V?$allocator@U?$pair@$$CBHPEAVMyPanelBase@@@std@@@3@$0A@@std@@@std@@IEAA?AV?$_Tree_iterator@V?$_Tree_val@U?$_Tree_simple_types@U?$pair@$$CBHPEAVMyPanelBase@@@std@@@std@@@std@@@1@_NPEAU?$_Tree_node@U?$pair@$$CBHPEAVMyPanelBase@@@std@@PEAX@1@AEAU?$pair@$$CBHPEAVMyPanelBase@@@1@1@Z 0000000140001530 f i AppMainWnd.obj
 0001:000007b0       ??$_Insert_nohint@AEAU?$pair@$$CBHPEAVMyPanelBase@@@std@@PEAU?$_Tree_node@U?$pair@$$CBHPEAVMyPanelBase@@@std@@PEAX@2@@?$_Tree@V?$_Tmap_traits@HPEAVMyPanelBase@@U?$less@H@std@@V?$allocator@U?$pair@$$CBHPEAVMyPanelBase@@@std@@@3@$0A@@std@@@std@@IEAA?AU?$pair@V?$_Tree_iterator@V?$_Tree_val@U?$_Tree_simple_types@U?$pair@$$CBHPEAVMyPanelBase@@@std@@@std@@@std@@@std@@_N@1@_NAEAU?$pair@$$CBHPEAVMyPanelBase@@@1@PEAU?$_Tree_node@U?$pair@$$CBHPEAVMyPanelBase@@@std@@PEAX@1@@Z 00000001400017b0 f i AppMainWnd.obj
 0001:00000930       ??0?$QList@VQString@@@@QEAA@AEBV0@@Z 0000000140001930 f i AppMainWnd.obj
 0001:000009e0       ??0AppMainWnd@@QEAA@PEAVQWidget@@@Z 00000001400019e0 f   AppMainWnd.obj
 0001:00000b40       ??1?$QList@VQString@@@@QEAA@XZ 0000000140001b40 f i AppMainWnd.obj
 0001:00000bd0       ??1?$QList@VQUrl@@@@QEAA@XZ 0000000140001bd0 f i AppMainWnd.obj
 0001:00000c60       ??1?$basic_string@DU?$char_traits@D@std@@V?$allocator@D@2@@std@@QEAA@XZ 0000000140001c60 f i AppMainWnd.obj
 0001:00000cc0       ??1?$map@HPEAVMyPanelBase@@U?$less@H@std@@V?$allocator@U?$pair@$$CBHPEAVMyPanelBase@@@std@@@3@@std@@QEAA@XZ 0000000140001cc0 f i AppMainWnd.obj
 0001:00000ce0       ??1QStringList@@QEAA@XZ    0000000140001ce0 f i AppMainWnd.obj
 0001:00000cf0       ??4?$QList@VQString@@@@QEAAAEAV0@AEBV0@@Z 0000000140001cf0 f i AppMainWnd.obj
 0001:00000da0       ??H@YA?BVQString@@AEBV0@PEBD@Z 0000000140001da0 f i AppMainWnd.obj
 0001:00000e10       ??_EAppMainWnd@@WBA@EAAPEAXI@Z 0000000140001e10 f i AppMainWnd.obj
 0001:00000e1c       ??_EQFrame@@WBA@EAAPEAXI@Z 0000000140001e1c f i AppMainWnd.obj
 0001:00000e28       ??_EQGridLayout@@WBA@EAAPEAXI@Z 0000000140001e28 f i AppMainWnd.obj
 0001:00000e34       ??_EQWidget@@WBA@EAAPEAXI@Z 0000000140001e34 f i AppMainWnd.obj
 0001:00000e40       ??_EAppMainWnd@@UEAAPEAXI@Z 0000000140001e40 f i AppMainWnd.obj
 0001:00000e40       ??_GAppMainWnd@@UEAAPEAXI@Z 0000000140001e40 f i AppMainWnd.obj
 0001:00000ed0       ??_GQFrame@@UEAAPEAXI@Z    0000000140001ed0 f i AppMainWnd.obj
 0001:00000ed0       ??_EQFrame@@UEAAPEAXI@Z    0000000140001ed0 f i AppMainWnd.obj
 0001:00000f10       ??_EQGridLayout@@UEAAPEAXI@Z 0000000140001f10 f i AppMainWnd.obj
 0001:00000f10       ??_GQGridLayout@@UEAAPEAXI@Z 0000000140001f10 f i AppMainWnd.obj
 0001:00000f50       ??_GQWidget@@UEAAPEAXI@Z   0000000140001f50 f i AppMainWnd.obj
 0001:00000f50       ??_EQWidget@@UEAAPEAXI@Z   0000000140001f50 f i AppMainWnd.obj
 0001:00000f90       ?ActivePage@AppMainWnd@@QEAAXW4PAGE_TYPE@1@_N@Z 0000000140001f90 f   AppMainWnd.obj
 0001:00001130       ?CloseAppMainWnd@AppMainWnd@@UEAAXXZ 0000000140002130 f   AppMainWnd.obj
 0001:00001140       ?DoAutoFitIn@AppMainWnd@@QEAAXXZ 0000000140002140 f   AppMainWnd.obj
 0001:00001210       ?DoBatchFileConvert@AppMainWnd@@QEAAXXZ 0000000140002210 f   AppMainWnd.obj
 0001:000014c0       ?DoCmdOpenFiles@AppMainWnd@@QEAAXVQStringList@@@Z 00000001400024c0 f   AppMainWnd.obj
 0001:00001510       ?DoFileConvert@AppMainWnd@@QEAAXXZ 0000000140002510 f   AppMainWnd.obj
 0001:00001660       ?GetPageByType@AppMainWnd@@QEAAPEAVMyPanelBase@@W4PAGE_TYPE@1@@Z 0000000140002660 f   AppMainWnd.obj
 0001:000016b0       ?InitUI@AppMainWnd@@QEAAXW4PAGE_TYPE@1@@Z 00000001400026b0 f   AppMainWnd.obj
 0001:000017d0       ?OnFileSelected@AppMainWnd@@AEAAXVQStringList@@@Z 00000001400027d0 f   AppMainWnd.obj
 0001:000018e0       ?OpenFileDialog@AppMainWnd@@QEAAXXZ 00000001400028e0 f   AppMainWnd.obj
 0001:000018f0       ?RestoryAppMainWnd@AppMainWnd@@UEAAXXZ 00000001400028f0 f   AppMainWnd.obj
 0001:00001970       ?ShowFileInfo@AppMainWnd@@QEAAXXZ 0000000140002970 f   AppMainWnd.obj
 0001:00001a30       ?ShowTitleBar@AppMainWnd@@QEAAX_N@Z 0000000140002a30 f   AppMainWnd.obj
 0001:00001a70       ?SwitchPage@AppMainWnd@@QEAAXW4PAGE_TYPE@1@@Z 0000000140002a70 f   AppMainWnd.obj
 0001:00001b90       ?UpdateComparePageWnd@AppMainWnd@@QEAAX_N@Z 0000000140002b90 f   AppMainWnd.obj
 0001:00001d40       ?UpdateHomePageWnd@AppMainWnd@@QEAAXPEAVQPoint@@@Z 0000000140002d40 f   AppMainWnd.obj
 0001:00001e60       ?UpdateTitleBar@AppMainWnd@@QEAAXXZ 0000000140002e60 f   AppMainWnd.obj
 0001:00001e80       ?_Buyheadnode@?$_Tree_comp_alloc@V?$_Tmap_traits@HPEAVMyPanelBase@@U?$less@H@std@@V?$allocator@U?$pair@$$CBHPEAVMyPanelBase@@@std@@@3@$0A@@std@@@std@@QEAAPEAU?$_Tree_node@U?$pair@$$CBHPEAVMyPanelBase@@@std@@PEAX@2@XZ 0000000140002e80 f i AppMainWnd.obj
 0001:00001ec0       ?_Buynode0@?$_Tree_comp_alloc@V?$_Tmap_traits@HPEAVMyPanelBase@@U?$less@H@std@@V?$allocator@U?$pair@$$CBHPEAVMyPanelBase@@@std@@@3@$0A@@std@@@std@@QEAAPEAU?$_Tree_node@U?$pair@$$CBHPEAVMyPanelBase@@@std@@PEAX@2@XZ 0000000140002ec0 f i AppMainWnd.obj
 0001:00001f00       ?_Freenode0@?$_Tree_comp_alloc@V?$_Tmap_traits@HPEAVMyPanelBase@@U?$less@H@std@@V?$allocator@U?$pair@$$CBHPEAVMyPanelBase@@@std@@@3@$0A@@std@@@std@@QEAAXPEAU?$_Tree_node@U?$pair@$$CBHPEAVMyPanelBase@@@std@@PEAX@2@@Z 0000000140002f00 f i AppMainWnd.obj
 0001:00001f00       ?_Destroy_if_node@?$_Tree@V?$_Tmap_traits@HPEAVMyPanelBase@@U?$less@H@std@@V?$allocator@U?$pair@$$CBHPEAVMyPanelBase@@@std@@@3@$0A@@std@@@std@@IEAAXPEAU?$_Tree_node@U?$pair@$$CBHPEAVMyPanelBase@@@std@@PEAX@2@@Z 0000000140002f00 f i AppMainWnd.obj
 0001:00001f10       ?_Erase@?$_Tree@V?$_Tmap_traits@HPEAVMyPanelBase@@U?$less@H@std@@V?$allocator@U?$pair@$$CBHPEAVMyPanelBase@@@std@@@3@$0A@@std@@@std@@IEAAXPEAU?$_Tree_node@U?$pair@$$CBHPEAVMyPanelBase@@@std@@PEAX@2@@Z 0000000140002f10 f i AppMainWnd.obj
 0001:00001f70       ?_Rrotate@?$_Tree_val@U?$_Tree_simple_types@U?$pair@$$CBHPEAVMyPanelBase@@@std@@@std@@@std@@QEAAXPEAU?$_Tree_node@U?$pair@$$CBHPEAVMyPanelBase@@@std@@PEAX@2@@Z 0000000140002f70 f i AppMainWnd.obj
 0001:00001fd0       ?_Xlen@?$basic_string@DU?$char_traits@D@std@@V?$allocator@D@2@@std@@SAXXZ 0000000140002fd0 f i AppMainWnd.obj
 0001:00001ff0       ?append@?$QList@VQString@@@@QEAAXAEBVQString@@@Z 0000000140002ff0 f i AppMainWnd.obj
 0001:00002070       ?assign@?$basic_string@DU?$char_traits@D@std@@V?$allocator@D@2@@std@@QEAAAEAV12@QEBD_K@Z 0000000140003070 f i AppMainWnd.obj
 0001:000021c0       ?clear@?$_Tree@V?$_Tmap_traits@HPEAVMyPanelBase@@U?$less@H@std@@V?$allocator@U?$pair@$$CBHPEAVMyPanelBase@@@std@@@3@$0A@@std@@@std@@QEAAXXZ 00000001400031c0 f i AppMainWnd.obj
 0001:00002250       ?closeEvent@AppMainWnd@@MEAAXPEAVQCloseEvent@@@Z 0000000140003250 f   AppMainWnd.obj
 0001:000023e0       ?deallocate@?$allocator@U?$_Tree_node@U?$pair@$$CBHPEAVMyPanelBase@@@std@@PEAX@std@@@std@@QEAAXQEAU?$_Tree_node@U?$pair@$$CBHPEAVMyPanelBase@@@std@@PEAX@2@_K@Z 00000001400033e0 f i AppMainWnd.obj
 0001:00002430       ?detach_helper@?$QList@VQUrl@@@@AEAAXH@Z 0000000140003430 f i AppMainWnd.obj
 0001:00002500       ?detach_helper_grow@?$QList@VQString@@@@AEAAPEAUNode@1@HH@Z 0000000140003500 f i AppMainWnd.obj
 0001:00002620       ?dragEnterEvent@AppMainWnd@@MEAAXPEAVQDragEnterEvent@@@Z 0000000140003620 f   AppMainWnd.obj
 0001:00002690       ?dropEvent@AppMainWnd@@MEAAXPEAVQDropEvent@@@Z 0000000140003690 f   AppMainWnd.obj
 0001:00002870       ?keyPressEvent@AppMainWnd@@MEAAXPEAVQKeyEvent@@@Z 0000000140003870 f   AppMainWnd.obj
 0001:00002a20       ?OnExit@MenuManager@@AEAAXXZ 0000000140003a20 f   MenuManager.obj
 0001:00002a20       ?qt_static_metacall@ComparePage@@CAXPEAVQObject@@W4Call@QMetaObject@@HPEAPEAX@Z 0000000140003a20 f   moc_ComparePage.obj
 0001:00002a20       _initialize_invalid_parameter_handler 0000000140003a20 f   MSVCRT:invalid_parameter_handler.obj
 0001:00002a20       ?OnPanelMouseRelease@MyPanelBase@@MEAAXPEAVQMouseEvent@@@Z 0000000140003a20 f   ComparePage.obj
 0001:00002a20       _guard_check_icall_nop     0000000140003a20 f   MSVCRT:guard_support.obj
 0001:00002a20       ?qt_static_metacall@QUiLoader@@CAXPEAVQObject@@W4Call@QMetaObject@@HPEAPEAX@Z 0000000140003a20 f   Qt5UiTools:moc_quiloader.obj
 0001:00002a20       ?qt_static_metacall@DlgAbout@@CAXPEAVQObject@@W4Call@QMetaObject@@HPEAPEAX@Z 0000000140003a20 f   moc_DlgAbout.obj
 0001:00002a20       ?keyReleaseEvent@AppMainWnd@@MEAAXPEAVQKeyEvent@@@Z 0000000140003a20 f   AppMainWnd.obj
 0001:00002a20       ?OnPanelMouseMove@MyPanelBase@@MEAAXPEAVQMouseEvent@@@Z 0000000140003a20 f   ComparePage.obj
 0001:00002a20       _initialize_denormal_control 0000000140003a20 f   MSVCRT:denormal_control.obj
 0001:00002a20       ?OnPanelMousePress@MyPanelBase@@MEAAXPEAVQMouseEvent@@@Z 0000000140003a20 f   ComparePage.obj
 0001:00002a20       ?OnPanelResize@ComparePage@@UEAAXPEAVQResizeEvent@@@Z 0000000140003a20 f   ComparePage.obj
 0001:00002a20       ?qt_static_metacall@TranslationWatcher@QFormInternal@@CAXPEAVQObject@@W4Call@QMetaObject@@HPEAPEAX@Z 0000000140003a20 f   Qt5UiTools:quiloader.obj
 0001:00002a20       ?OnAbout@MenuManager@@AEAAXXZ 0000000140003a20 f   MenuManager.obj
 0001:00002a20       ?OnCutScreen_clicked@MainToolbarPanel@@QEAAX_N@Z 0000000140003a20 f   MainToolbarPanel.obj
 0001:00002a20       ?keyReleaseEvent@MyPanelBase@@UEAAXPEAVQKeyEvent@@@Z 0000000140003a20 f   ComparePage.obj
 0001:00002a20       ?OnPanelResize@CompareViewPanel@@UEAAXPEAVQResizeEvent@@@Z 0000000140003a20 f   CompareViewPanel.obj
 0001:00002a20       ?OnPanelResize@MyPanelBase@@MEAAXPEAVQResizeEvent@@@Z 0000000140003a20 f   ComparePage.obj
 0001:00002a20       ?qt_static_metacall@MyVideoSurface@@CAXPEAVQObject@@W4Call@QMetaObject@@HPEAPEAX@Z 0000000140003a20 f   moc_MyVideoSurface.obj
 0001:00002a20       ?OnClear@MenuManager@@AEAAXXZ 0000000140003a20 f   MenuManager.obj
 0001:00002a20       ?keyPressEvent@MyPanelBase@@UEAAXPEAVQKeyEvent@@@Z 0000000140003a20 f   ComparePage.obj
 0001:00002a20       ?OnSettingClicked@TitleBar@@AEAAX_N@Z 0000000140003a20 f   TitleBar.obj
 0001:00002a20       ?OnPanelMouseDoubleClick@MyPanelBase@@MEAAXPEAVQMouseEvent@@@Z 0000000140003a20 f   ComparePage.obj
 0001:00002a20       ?OnPanelMouseWheelEvent@MyPanelBase@@MEAAXPEAVQWheelEvent@@@Z 0000000140003a20 f   ComparePage.obj
 0001:00002a30       ?node_copy@?$QList@VQString@@@@AEAAXPEAUNode@1@00@Z 0000000140003a30 f i AppMainWnd.obj
 0001:00002a90       ?node_copy@?$QList@VQUrl@@@@AEAAXPEAUNode@1@00@Z 0000000140003a90 f i AppMainWnd.obj
 0001:00002af0       ?node_destruct@?$QList@VQString@@@@AEAAXPEAUNode@1@0@Z 0000000140003af0 f i AppMainWnd.obj
 0001:00002b30       ?node_destruct@?$QList@VQString@@@@AEAAXPEAUNode@1@@Z 0000000140003b30 f i AppMainWnd.obj
 0001:00002b40       ?resizeEvent@AppMainWnd@@MEAAXPEAVQResizeEvent@@@Z 0000000140003b40 f   AppMainWnd.obj
 0001:00002bb0       ?setupUi@Ui_AppMainWndClass@@QEAAXPEAVQMainWindow@@@Z 0000000140003bb0 f i AppMainWnd.obj
 0001:00003530       ?showEvent@AppMainWnd@@MEAAXPEAVQShowEvent@@@Z 0000000140004530 f   AppMainWnd.obj
 0001:00003590       ??0DlgAbout@@QEAA@PEAVQWidget@@V?$QFlags@W4WindowType@Qt@@@@@Z 0000000140004590 f   DlgAbout.obj
 0001:000035d8       ??_EDlgAbout@@WBA@EAAPEAXI@Z 00000001400045d8 f i DlgAbout.obj
 0001:000035e4       ??_EQPushButton@@WBA@EAAPEAXI@Z 00000001400045e4 f i DlgAbout.obj
 0001:000035f0       ??_EQScrollArea@@WBA@EAAPEAXI@Z 00000001400045f0 f i DlgAbout.obj
 0001:000035fc       ??_EQTextBrowser@@WBA@EAAPEAXI@Z 00000001400045fc f i DlgAbout.obj
 0001:00003610       ??_EDlgAbout@@UEAAPEAXI@Z  0000000140004610 f i DlgAbout.obj
 0001:00003610       ??_GDlgAbout@@UEAAPEAXI@Z  0000000140004610 f i DlgAbout.obj
 0001:00003660       ??_GQPushButton@@UEAAPEAXI@Z 0000000140004660 f i DlgAbout.obj
 0001:00003660       ??_EQPushButton@@UEAAPEAXI@Z 0000000140004660 f i DlgAbout.obj
 0001:000036a0       ??_GQScrollArea@@UEAAPEAXI@Z 00000001400046a0 f i DlgAbout.obj
 0001:000036a0       ??_EQScrollArea@@UEAAPEAXI@Z 00000001400046a0 f i DlgAbout.obj
 0001:000036e0       ??_EQTextBrowser@@UEAAPEAXI@Z 00000001400046e0 f i DlgAbout.obj
 0001:000036e0       ??_GQTextBrowser@@UEAAPEAXI@Z 00000001400046e0 f i DlgAbout.obj
 0001:00003720       ?closeEvent@DlgAbout@@MEAAXPEAVQCloseEvent@@@Z 0000000140004720 f   DlgAbout.obj
 0001:00003720       ?closeEvent@DlgHelp@@MEAAXPEAVQCloseEvent@@@Z 0000000140004720 f   DlgHelp.obj
 0001:00003730       ?resizeEvent@DlgAbout@@MEAAXPEAVQResizeEvent@@@Z 0000000140004730 f   DlgAbout.obj
 0001:00003730       ?resizeEvent@DlgHelp@@MEAAXPEAVQResizeEvent@@@Z 0000000140004730 f   DlgHelp.obj
 0001:00003740       ?setupUi@Ui_Dialog_about@@QEAAXPEAVQDialog@@@Z 0000000140004740 f i DlgAbout.obj
 0001:00003bc0       ?showEvent@DlgAbout@@MEAAXPEAVQShowEvent@@@Z 0000000140004bc0 f   DlgAbout.obj
 0001:00003bc0       ?showEvent@DlgHelp@@MEAAXPEAVQShowEvent@@@Z 0000000140004bc0 f   DlgHelp.obj
 0001:00003bd0       ??0DlgHelp@@QEAA@PEAVQWidget@@V?$QFlags@W4WindowType@Qt@@@@@Z 0000000140004bd0 f   DlgHelp.obj
 0001:00003c90       ??1DlgHelp@@UEAA@XZ        0000000140004c90 f   DlgHelp.obj
 0001:00003cac       ??_EDlgHelp@@WBA@EAAPEAXI@Z 0000000140004cac f i DlgHelp.obj
 0001:00003cb8       ??_EQLabel@@WBA@EAAPEAXI@Z 0000000140004cb8 f i DlgHelp.obj
 0001:00003cc4       ??_EQVBoxLayout@@WBA@EAAPEAXI@Z 0000000140004cc4 f i DlgHelp.obj
 0001:00003cd0       ??_EDlgHelp@@UEAAPEAXI@Z   0000000140004cd0 f i DlgHelp.obj
 0001:00003cd0       ??_GDlgHelp@@UEAAPEAXI@Z   0000000140004cd0 f i DlgHelp.obj
 0001:00003d20       ??_GQLabel@@UEAAPEAXI@Z    0000000140004d20 f i DlgHelp.obj
 0001:00003d20       ??_EQLabel@@UEAAPEAXI@Z    0000000140004d20 f i DlgHelp.obj
 0001:00003d60       ??_EQVBoxLayout@@UEAAPEAXI@Z 0000000140004d60 f i DlgHelp.obj
 0001:00003d60       ??_GQVBoxLayout@@UEAAPEAXI@Z 0000000140004d60 f i DlgHelp.obj
 0001:00003da0       ?OnBtnOK@DlgHelp@@AEAAX_N@Z 0000000140004da0 f   DlgHelp.obj
 0001:00003da0       ?OnBtnClose@DlgHelp@@AEAAX_N@Z 0000000140004da0 f   DlgHelp.obj
 0001:00003db0       ?setupUi@Ui_Dialog_setting@@QEAAXPEAVQDialog@@@Z 0000000140004db0 f i DlgHelp.obj
 0001:00004a30       ??0ComparePage@@QEAA@PEAVAppMainWnd@@HPEAVQWidget@@@Z 0000000140005a30 f   ComparePage.obj
 0001:00004a90       ??_EComparePage@@UEAAPEAXI@Z 0000000140005a90 f i ComparePage.obj
 0001:00004a90       ??_GComparePage@@UEAAPEAXI@Z 0000000140005a90 f i ComparePage.obj
 0001:00004b00       ?DoLoadNextFile@ComparePage@@QEAAXXZ 0000000140005b00 f   ComparePage.obj
 0001:00004b80       ?DoLoadPreFile@ComparePage@@QEAAXXZ 0000000140005b80 f   ComparePage.obj
 0001:00004c00       ?GetPanelByType@ComparePage@@QEAAPEAVMyPanelBase@@W4PANEL_TYPE@1@@Z 0000000140005c00 f   ComparePage.obj
 0001:00004c50       ?Init@ComparePage@@UEAAXXZ 0000000140005c50 f   ComparePage.obj
 0001:00004db0       ?IsShowed@MyPanelBase@@UEAA_NXZ 0000000140005db0 f i ComparePage.obj
 0001:00004dc0       ?SetCompareFiles@ComparePage@@QEAAXVQStringList@@_N@Z 0000000140005dc0 f   ComparePage.obj
 0001:00004e90       ?SetMode@MyPanelBase@@UEAAXH@Z 0000000140005e90 f i ComparePage.obj
 0001:00004ea0       ?Show@ComparePage@@UEAAX_N@Z 0000000140005ea0 f   ComparePage.obj
 0001:00004ef0       ?ShowPanel@ComparePage@@QEAAXW4PANEL_TYPE@1@_N@Z 0000000140005ef0 f   ComparePage.obj
 0001:00005050       ?UnInit@ComparePage@@UEAAXXZ 0000000140006050 f   ComparePage.obj
 0001:00005100       ?setupUi@Ui_edit_root@@QEAAXPEAVQWidget@@@Z 0000000140006100 f i ComparePage.obj
 0001:00005580       ??0FileBrowser@@QEAA@PEAVAppMainWnd@@@Z 0000000140006580 f   FileBrowser.obj
 0001:000055c0       ??_EFileBrowser@@UEAAPEAXI@Z 00000001400065c0 f i FileBrowser.obj
 0001:000055c0       ??_GFileBrowser@@UEAAPEAXI@Z 00000001400065c0 f i FileBrowser.obj
 0001:00005600       ?OpenFileDialog@FileBrowser@@QEAAXXZ 0000000140006600 f   FileBrowser.obj
 0001:00005a90       ??0HomePage@@QEAA@PEAVAppMainWnd@@HPEAVQWidget@@@Z 0000000140006a90 f   HomePage.obj
 0001:00005abc       ??_EQHBoxLayout@@WBA@EAAPEAXI@Z 0000000140006abc f i HomePage.obj
 0001:00005ac8       ??_EQRadioButton@@WBA@EAAPEAXI@Z 0000000140006ac8 f i HomePage.obj
 0001:00005ae0       ??_GHomePage@@UEAAPEAXI@Z  0000000140006ae0 f i HomePage.obj
 0001:00005ae0       ??_EHomePage@@UEAAPEAXI@Z  0000000140006ae0 f i HomePage.obj
 0001:00005b20       ??_EQHBoxLayout@@UEAAPEAXI@Z 0000000140006b20 f i HomePage.obj
 0001:00005b20       ??_GQHBoxLayout@@UEAAPEAXI@Z 0000000140006b20 f i HomePage.obj
 0001:00005b60       ??_EQRadioButton@@UEAAPEAXI@Z 0000000140006b60 f i HomePage.obj
 0001:00005b60       ??_GQRadioButton@@UEAAPEAXI@Z 0000000140006b60 f i HomePage.obj
 0001:00005ba0       ??_GQSpacerItem@@UEAAPEAXI@Z 0000000140006ba0 f i HomePage.obj
 0001:00005ba0       ??_EQSpacerItem@@UEAAPEAXI@Z 0000000140006ba0 f i HomePage.obj
 0001:00005be0       ?Init@HomePage@@UEAAXXZ    0000000140006be0 f   HomePage.obj
 0001:00005e20       ?OnBtnHelp@HomePage@@AEAAX_N@Z 0000000140006e20 f   HomePage.obj
 0001:00005ef0       ?OnBtnSelectFile@HomePage@@AEAAX_N@Z 0000000140006ef0 f   HomePage.obj
 0001:00005f00       ?OnPanelResize@TitleBar@@UEAAXPEAVQResizeEvent@@@Z 0000000140006f00 f   TitleBar.obj
 0001:00005f00       ?OnPanelResize@MainToolbarPanel@@MEAAXPEAVQResizeEvent@@@Z 0000000140006f00 f   MainToolbarPanel.obj
 0001:00005f00       ?OnPanelResize@HomePage@@UEAAXPEAVQResizeEvent@@@Z 0000000140006f00 f   HomePage.obj
 0001:00005f60       ?OnVideoModeToggled@HomePage@@AEAAXXZ 0000000140006f60 f   HomePage.obj
 0001:00005fa0       ?Show@MainToolbarPanel@@UEAAX_N@Z 0000000140006fa0 f   MainToolbarPanel.obj
 0001:00005fa0       ?Show@HomePage@@UEAAX_N@Z  0000000140006fa0 f   HomePage.obj
 0001:00005fb0       ?UnInit@HomePage@@UEAAXXZ  0000000140006fb0 f   HomePage.obj
 0001:00006000       ?retranslateUi@Ui_home_root@@QEAAXPEAVQWidget@@@Z 0000000140007000 f i HomePage.obj
 0001:00006220       ?setupUi@Ui_home_root@@QEAAXPEAVQWidget@@@Z 0000000140007220 f i HomePage.obj
 0001:000077d0       ??0CompareViewPanel@@QEAA@PEAVAppMainWnd@@HPEAVQWidget@@@Z 00000001400087d0 f   CompareViewPanel.obj
 0001:00007850       ??4?$QList@VQString@@@@QEAAAEAV0@$$QEAV0@@Z 0000000140008850 f i CompareViewPanel.obj
 0001:00007908       ??_EMyCompareViewCallback@@W7EAAPEAXI@Z 0000000140008908 f i CompareViewPanel.obj
 0001:00007920       ??_E?$MyAutoPtr@VAISFCompareView@ARC_AISF@@@@UEAAPEAXI@Z 0000000140008920 f i CompareViewPanel.obj
 0001:00007920       ??_G?$MyAutoPtr@VAISFCompareView@ARC_AISF@@@@UEAAPEAXI@Z 0000000140008920 f i CompareViewPanel.obj
 0001:00007980       ??_GAISFReferenceImp@@UEAAPEAXI@Z 0000000140008980 f i CompareViewPanel.obj
 0001:00007980       ??_EAISFReferenceImp@@UEAAPEAXI@Z 0000000140008980 f i CompareViewPanel.obj
 0001:000079b0       ??_GAISFReferenceInter@ARC_AISF@@UEAAPEAXI@Z 00000001400089b0 f i CompareViewPanel.obj
 0001:000079b0       ??_GIAISFCompareViewCallback@ARC_AISF@@UEAAPEAXI@Z 00000001400089b0 f i CompareViewPanel.obj
 0001:000079b0       ??_EAISFReferenceInter@ARC_AISF@@UEAAPEAXI@Z 00000001400089b0 f i CompareViewPanel.obj
 0001:000079b0       ??_EIAISFCompareViewCallback@ARC_AISF@@UEAAPEAXI@Z 00000001400089b0 f i CompareViewPanel.obj
 0001:000079e0       ??_ECompareViewPanel@@UEAAPEAXI@Z 00000001400089e0 f i CompareViewPanel.obj
 0001:000079e0       ??_GCompareViewPanel@@UEAAPEAXI@Z 00000001400089e0 f i CompareViewPanel.obj
 0001:00007a80       ??_GMyCompareViewCallback@@UEAAPEAXI@Z 0000000140008a80 f i CompareViewPanel.obj
 0001:00007a80       ??_EMyCompareViewCallback@@UEAAPEAXI@Z 0000000140008a80 f i CompareViewPanel.obj
 0001:00007ac0       ?AddRef@MyCompareViewCallback@@UEAAHXZ 0000000140008ac0 f i CompareViewPanel.obj
 0001:00007ad0       ?DoAutoFitIn@CompareViewPanel@@QEAAX_N@Z 0000000140008ad0 f   CompareViewPanel.obj
 0001:00007af0       ?DoDisplayFilebyIndex@CompareViewPanel@@AEAAXH@Z 0000000140008af0 f   CompareViewPanel.obj
 0001:00007db0       ?DoInitDrawWidget@CompareViewPanel@@QEAAXPEAVQWidget@@W4AISFCV_COMPAREVIEW_INDEX@ARC_AISF@@@Z 0000000140008db0 f   CompareViewPanel.obj
 0001:00008030       ?DoSingleImgViewInit@MyCompareViewCallback@@UEAAHPEAVQWidget@@W4AISFCV_COMPAREVIEW_INDEX@ARC_AISF@@@Z 0000000140009030 f   CompareViewPanel.obj
 0001:00008050       ?DoSingleImgViewUnInit@MyCompareViewCallback@@UEAAHPEAVQWidget@@W4AISFCV_COMPAREVIEW_INDEX@ARC_AISF@@@Z 0000000140009050 f   CompareViewPanel.obj
 0001:00008170       ?GetFileListbyPath@CompareViewPanel@@AEAAXPEAD@Z 0000000140009170 f   CompareViewPanel.obj
 0001:00008360       ?Init@CompareViewPanel@@UEAAXXZ 0000000140009360 f   CompareViewPanel.obj
 0001:000084b0       ?OnAddRectEnd@CompareViewPanel@@IEAAXH@Z 00000001400094b0 f   CompareViewPanel.obj
 0001:00008600       ?OnBtnNext_clicked@CompareViewPanel@@QEAAX_N@Z 0000000140009600 f   CompareViewPanel.obj
 0001:00008650       ?OnBtnPre_clicked@CompareViewPanel@@QEAAX_N@Z 0000000140009650 f   CompareViewPanel.obj
 0001:00008690       ?OnCompareViewDraw@MyCompareViewCallback@@UEAAHPEAUAISFCV_CompareViewDrawParam@ARC_AISF@@@Z 0000000140009690 f   CompareViewPanel.obj
 0001:00008790       ?QueryInterface@AISFReferenceImp@@UEAAHHPEAPEAX@Z 0000000140009790 f i CompareViewPanel.obj
 0001:000087a0       ?Release@MyCompareViewCallback@@UEAAHXZ 00000001400097a0 f i CompareViewPanel.obj
 0001:000087d0       ?ReleaseCompareView@CompareViewPanel@@AEAAXXZ 00000001400097d0 f   CompareViewPanel.obj
 0001:00008830       ?SetCompareFiles@CompareViewPanel@@QEAAXVQStringList@@_N@Z 0000000140009830 f   CompareViewPanel.obj
 0001:00008ab0       ?Show@CompareViewPanel@@UEAAX_N@Z 0000000140009ab0 f   CompareViewPanel.obj
 0001:00008af0       ?ShowCompareView@CompareViewPanel@@AEAAX_N@Z 0000000140009af0 f   CompareViewPanel.obj
 0001:00008c20       ?ShowFileInfo@CompareViewPanel@@QEAAX_N@Z 0000000140009c20 f   CompareViewPanel.obj
 0001:00008c40       ?UnInit@CompareViewPanel@@UEAAXXZ 0000000140009c40 f   CompareViewPanel.obj
 0001:00008cb0       ?UpdateDrawViewByViewIndex@CompareViewPanel@@AEAAXH@Z 0000000140009cb0 f   CompareViewPanel.obj
 0001:00008e20       ?UpdateFileSwitchBtnStatus@CompareViewPanel@@AEAAXXZ 0000000140009e20 f   CompareViewPanel.obj
 0001:00008eb0       ?clear@?$QList@VQString@@@@QEAAXXZ 0000000140009eb0 f i CompareViewPanel.obj
 0001:00008f60       ?setupUi@Ui_compare_root@@QEAAXPEAVQWidget@@@Z 0000000140009f60 f i CompareViewPanel.obj
 0001:00009770       __local_stdio_printf_options 000000014000a770 f i CompareViewPanel.obj
 0001:00009780       sprintf                    000000014000a780 f i CompareViewPanel.obj
 0001:000097e0       ?GetAppName@IniSetting@@SA?AVQString@@W4SETTING_TYPE@1@@Z 000000014000a7e0 f   IniSetting.obj
 0001:000098f0       ?GetAppSetFile@IniSetting@@CA?AVQString@@W4SETTING_TYPE@1@@Z 000000014000a8f0 f   IniSetting.obj
 0001:00009a20       ?GetImageExtFilter@IniSetting@@SA?AVQString@@W4SETTING_TYPE@1@@Z 000000014000aa20 f   IniSetting.obj
 0001:00009bc0       ?GetLastFilterType@IniSetting@@SAHPEBD@Z 000000014000abc0 f   IniSetting.obj
 0001:00009cd0       ?GetLastInputPath@IniSetting@@SA?AVQString@@PEBD@Z 000000014000acd0 f   IniSetting.obj
 0001:00009de0       ?GetUserConfigFile@IniSetting@@CA?AVQString@@PEBD@Z 000000014000ade0 f   IniSetting.obj
 0001:00009fa0       ?GetVideoExtFilter@IniSetting@@SA?AVQString@@W4SETTING_TYPE@1@@Z 000000014000afa0 f   IniSetting.obj
 0001:0000a140       ?IfShowDrawPanel@IniSetting@@SAHW4SETTING_TYPE@1@@Z 000000014000b140 f   IniSetting.obj
 0001:0000a240       ??0MainToolbarPanel@@QEAA@PEAVAppMainWnd@@HPEAVQWidget@@@Z 000000014000b240 f   MainToolbarPanel.obj
 0001:0000a264       ??_EQCheckBox@@WBA@EAAPEAXI@Z 000000014000b264 f i MainToolbarPanel.obj
 0001:0000a270       ??_GMainToolbarPanel@@UEAAPEAXI@Z 000000014000b270 f i MainToolbarPanel.obj
 0001:0000a270       ??_EMainToolbarPanel@@UEAAPEAXI@Z 000000014000b270 f i MainToolbarPanel.obj
 0001:0000a2b0       ??_GQCheckBox@@UEAAPEAXI@Z 000000014000b2b0 f i MainToolbarPanel.obj
 0001:0000a2b0       ??_EQCheckBox@@UEAAPEAXI@Z 000000014000b2b0 f i MainToolbarPanel.obj
 0001:0000a2f0       ?Init@MainToolbarPanel@@UEAAXXZ 000000014000b2f0 f   MainToolbarPanel.obj
 0001:0000a670       ?OnBatchConvert_clicked@MainToolbarPanel@@QEAAX_N@Z 000000014000b670 f   MainToolbarPanel.obj
 0001:0000a680       ?OnChkFitIn@MainToolbarPanel@@QEAAX_N@Z 000000014000b680 f   MainToolbarPanel.obj
 0001:0000a730       ?OnChkShowFileInfo@MainToolbarPanel@@QEAAX_N@Z 000000014000b730 f   MainToolbarPanel.obj
 0001:0000a7e0       ?OnConvert_clicked@MainToolbarPanel@@QEAAX_N@Z 000000014000b7e0 f   MainToolbarPanel.obj
 0001:0000a7f0       ?OnHome_clicked@MainToolbarPanel@@QEAAX_N@Z 000000014000b7f0 f   MainToolbarPanel.obj
 0001:0000a810       ?OnPanelMouseDoubleClick@MainToolbarPanel@@MEAAXPEAVQMouseEvent@@@Z 000000014000b810 f   MainToolbarPanel.obj
 0001:0000a880       ?SetFitInChecked@MainToolbarPanel@@QEAAX_N@Z 000000014000b880 f   MainToolbarPanel.obj
 0001:0000a8a0       ?UnInit@MainToolbarPanel@@UEAAXXZ 000000014000b8a0 f   MainToolbarPanel.obj
 0001:0000a8b0       ?retranslateUi@Ui_maintoolbar_root@@QEAAXPEAVQWidget@@@Z 000000014000b8b0 f i MainToolbarPanel.obj
 0001:0000abf0       ?setupUi@Ui_maintoolbar_root@@QEAAXPEAVQWidget@@@Z 000000014000bbf0 f i MainToolbarPanel.obj
 0001:0000bc10       ?UnInit@MenuManager@@QEAAXXZ 000000014000cc10 f   MenuManager.obj
 0001:0000bcc0       ??0MyPanelBase@@QEAA@PEAVAppMainWnd@@HPEAVQWidget@@@Z 000000014000ccc0 f   MyPanelBase.obj
 0001:0000bd30       ??1MyPanelBase@@UEAA@XZ    000000014000cd30 f   MyPanelBase.obj
 0001:0000bd50       ??_EMyPanelBase@@UEAAPEAXI@Z 000000014000cd50 f i MyPanelBase.obj
 0001:0000bd50       ??_GMyPanelBase@@UEAAPEAXI@Z 000000014000cd50 f i MyPanelBase.obj
 0001:0000bd90       ?Init@MyPanelBase@@UEAAXXZ 000000014000cd90 f   MyPanelBase.obj
 0001:0000bef0       ?Show@MyPanelBase@@UEAAX_N@Z 000000014000cef0 f   MyPanelBase.obj
 0001:0000bf30       ?UnInit@MyPanelBase@@UEAAXXZ 000000014000cf30 f   MyPanelBase.obj
 0001:0000bf50       ??0MyWidget@@QEAA@PEAVQWidget@@V?$QFlags@W4WindowType@Qt@@@@@Z 000000014000cf50 f   MyWidget.obj
 0001:0000bf98       ??_EMyWidget@@WBA@EAAPEAXI@Z 000000014000cf98 f i MyWidget.obj
 0001:0000bfb0       ??_GMyWidget@@UEAAPEAXI@Z  000000014000cfb0 f i MyWidget.obj
 0001:0000bfb0       ??_EMyWidget@@UEAAPEAXI@Z  000000014000cfb0 f i MyWidget.obj
 0001:0000c000       ?keyPressEvent@MyWidget@@MEAAXPEAVQKeyEvent@@@Z 000000014000d000 f   MyWidget.obj
 0001:0000c030       ?keyReleaseEvent@MyWidget@@MEAAXPEAVQKeyEvent@@@Z 000000014000d030 f   MyWidget.obj
 0001:0000c060       ?mouseDoubleClickEvent@MyWidget@@MEAAXPEAVQMouseEvent@@@Z 000000014000d060 f   MyWidget.obj
 0001:0000c090       ?mouseMoveEvent@MyWidget@@MEAAXPEAVQMouseEvent@@@Z 000000014000d090 f   MyWidget.obj
 0001:0000c0c0       ?mousePressEvent@MyWidget@@MEAAXPEAVQMouseEvent@@@Z 000000014000d0c0 f   MyWidget.obj
 0001:0000c0f0       ?mouseReleaseEvent@MyWidget@@MEAAXPEAVQMouseEvent@@@Z 000000014000d0f0 f   MyWidget.obj
 0001:0000c120       ?paintEvent@MyWidget@@MEAAXPEAVQPaintEvent@@@Z 000000014000d120 f   MyWidget.obj
 0001:0000c130       ?resizeEvent@MyWidget@@MEAAXPEAVQResizeEvent@@@Z 000000014000d130 f   MyWidget.obj
 0001:0000c160       ?wheelEvent@MyWidget@@MEAAXPEAVQWheelEvent@@@Z 000000014000d160 f   MyWidget.obj
 0001:0000c190       ?SetWidgetBackColor@QTUICommon@@SAXPEAVQWidget@@AEBVQColor@@@Z 000000014000d190 f   QTUICommon.obj
 0001:0000c230       ??0MyDrawWidget@@QEAA@HPEAVQWidget@@V?$QFlags@W4WindowType@Qt@@@@@Z 000000014000d230 f   MyDrawWidget.obj
 0001:0000c308       ??_EMyDrawWidget@@WBA@EAAPEAXI@Z 000000014000d308 f i MyDrawWidget.obj
 0001:0000c320       ??_EMyDrawWidget@@UEAAPEAXI@Z 000000014000d320 f i MyDrawWidget.obj
 0001:0000c320       ??_GMyDrawWidget@@UEAAPEAXI@Z 000000014000d320 f i MyDrawWidget.obj
 0001:0000c370       ?GetCurrentImgRect@MyDrawWidget@@QEAAPEAVQRect@@XZ 000000014000d370 f   MyDrawWidget.obj
 0001:0000c380       ?SetCurrentImgRect@MyDrawWidget@@QEAAXVQRect@@@Z 000000014000d380 f   MyDrawWidget.obj
 0001:0000c400       ?SetUpdateViewRect@MyDrawWidget@@QEAAXVQRect@@@Z 000000014000d400 f   MyDrawWidget.obj
 0001:0000c4a0       ?keyPressEvent@MyDrawWidget@@MEAAXPEAVQKeyEvent@@@Z 000000014000d4a0 f   MyDrawWidget.obj
 0001:0000c4b0       ?keyReleaseEvent@MyDrawWidget@@MEAAXPEAVQKeyEvent@@@Z 000000014000d4b0 f   MyDrawWidget.obj
 0001:0000c4c0       ?mouseDoubleClickEvent@MyDrawWidget@@MEAAXPEAVQMouseEvent@@@Z 000000014000d4c0 f   MyDrawWidget.obj
 0001:0000c4d0       ?mouseMoveEvent@MyDrawWidget@@MEAAXPEAVQMouseEvent@@@Z 000000014000d4d0 f   MyDrawWidget.obj
 0001:0000c530       ?mousePressEvent@MyDrawWidget@@MEAAXPEAVQMouseEvent@@@Z 000000014000d530 f   MyDrawWidget.obj
 0001:0000c590       ?mouseReleaseEvent@MyDrawWidget@@MEAAXPEAVQMouseEvent@@@Z 000000014000d590 f   MyDrawWidget.obj
 0001:0000c600       ?paintEvent@MyDrawWidget@@MEAAXPEAVQPaintEvent@@@Z 000000014000d600 f   MyDrawWidget.obj
 0001:0000c8a0       ?resizeEvent@MyDrawWidget@@MEAAXPEAVQResizeEvent@@@Z 000000014000d8a0 f   MyDrawWidget.obj
 0001:0000c910       ?wheelEvent@MyDrawWidget@@MEAAXPEAVQWheelEvent@@@Z 000000014000d910 f   MyDrawWidget.obj
 0001:0000c920       ??0TitleBar@@QEAA@PEAVAppMainWnd@@HPEAVQWidget@@@Z 000000014000d920 f   TitleBar.obj
 0001:0000c950       ??_GTitleBar@@UEAAPEAXI@Z  000000014000d950 f i TitleBar.obj
 0001:0000c950       ??_ETitleBar@@UEAAPEAXI@Z  000000014000d950 f i TitleBar.obj
 0001:0000c990       ?Init@TitleBar@@UEAAXXZ    000000014000d990 f   TitleBar.obj
 0001:0000cc90       ?OnAboutClicked@TitleBar@@AEAAX_N@Z 000000014000dc90 f   TitleBar.obj
 0001:0000ccf0       ?OnCloseClicked@TitleBar@@AEAAX_N@Z 000000014000dcf0 f   TitleBar.obj
 0001:0000cd10       ?OnMaxWndClicked@TitleBar@@AEAAX_N@Z 000000014000dd10 f   TitleBar.obj
 0001:0000cd90       ?OnMinWndClicked@TitleBar@@AEAAX_N@Z 000000014000dd90 f   TitleBar.obj
 0001:0000ce00       ?OnPanelMouseDoubleClick@TitleBar@@UEAAXPEAVQMouseEvent@@@Z 000000014000de00 f   TitleBar.obj
 0001:0000ce60       ?OnPanelMouseMove@TitleBar@@UEAAXPEAVQMouseEvent@@@Z 000000014000de60 f   TitleBar.obj
 0001:0000cec0       ?OnPanelMousePress@TitleBar@@UEAAXPEAVQMouseEvent@@@Z 000000014000dec0 f   TitleBar.obj
 0001:0000cf40       ?OnPanelMouseRelease@TitleBar@@UEAAXPEAVQMouseEvent@@@Z 000000014000df40 f   TitleBar.obj
 0001:0000cf50       ?Show@TitleBar@@UEAAX_N@Z  000000014000df50 f   TitleBar.obj
 0001:0000cf80       ?UnInit@TitleBar@@UEAAXXZ  000000014000df80 f   TitleBar.obj
 0001:0000cfc0       ?UpdateTitleBar@TitleBar@@QEAAXXZ 000000014000dfc0 f   TitleBar.obj
 0001:0000d0d0       ?retranslateUi@Ui_titlebar_root@@QEAAXPEAVQWidget@@@Z 000000014000e0d0 f i TitleBar.obj
 0001:0000d2a0       ?setupUi@Ui_titlebar_root@@QEAAXPEAVQWidget@@@Z 000000014000e2a0 f i TitleBar.obj
 0001:0000dbc0       ?ExceptionFilter@CrashDump@@SAJPEAU_EXCEPTION_POINTERS@@@Z 000000014000ebc0 f i main.obj
 0001:0000ddc0       ?detach_helper@?$QList@VQString@@@@AEAAXH@Z 000000014000edc0 f i main.obj
 0001:0000de90       main                       000000014000ee90 f   main.obj
 0001:0000e280       ?qt_static_metacall@MainToolbarPanel@@CAXPEAVQObject@@W4Call@QMetaObject@@HPEAPEAX@Z 000000014000f280 f   moc_MainToolbarPanel.obj
 0001:0000e310       ?metaObject@MainToolbarPanel@@UEBAPEBUQMetaObject@@XZ 000000014000f310 f   moc_MainToolbarPanel.obj
 0001:0000e330       ?qt_metacall@MainToolbarPanel@@UEAAHW4Call@QMetaObject@@HPEAPEAX@Z 000000014000f330 f   moc_MainToolbarPanel.obj
 0001:0000e440       ?qt_metacast@MainToolbarPanel@@UEAAPEAXPEBD@Z 000000014000f440 f   moc_MainToolbarPanel.obj
 0001:0000e490       ?AddRectEnd@MyDrawWidget@@QEAAXH@Z 000000014000f490 f   moc_MyDrawWidget.obj
 0001:0000e4d0       ?metaObject@MyDrawWidget@@UEBAPEBUQMetaObject@@XZ 000000014000f4d0 f   moc_MyDrawWidget.obj
 0001:0000e4f0       ?qt_metacall@MyDrawWidget@@UEAAHW4Call@QMetaObject@@HPEAPEAX@Z 000000014000f4f0 f   moc_MyDrawWidget.obj
 0001:0000e560       ?qt_metacast@MyDrawWidget@@UEAAPEAXPEBD@Z 000000014000f560 f   moc_MyDrawWidget.obj
 0001:0000e5b0       ?qt_static_metacall@MyDrawWidget@@CAXPEAVQObject@@W4Call@QMetaObject@@HPEAPEAX@Z 000000014000f5b0 f   moc_MyDrawWidget.obj
 0001:0000e630       ?metaObject@AppMainWnd@@UEBAPEBUQMetaObject@@XZ 000000014000f630 f   moc_AppMainWnd.obj
 0001:0000e650       ?qt_metacall@AppMainWnd@@UEAAHW4Call@QMetaObject@@HPEAPEAX@Z 000000014000f650 f   moc_AppMainWnd.obj
 0001:0000e6d0       ?qt_metacast@AppMainWnd@@UEAAPEAXPEBD@Z 000000014000f6d0 f   moc_AppMainWnd.obj
 0001:0000e720       ?qt_static_metacall@AppMainWnd@@CAXPEAVQObject@@W4Call@QMetaObject@@HPEAPEAX@Z 000000014000f720 f   moc_AppMainWnd.obj
 0001:0000e760       ?metaObject@DlgAbout@@UEBAPEBUQMetaObject@@XZ 000000014000f760 f   moc_DlgAbout.obj
 0001:0000e780       ?qt_metacall@DlgAbout@@UEAAHW4Call@QMetaObject@@HPEAPEAX@Z 000000014000f780 f   moc_DlgAbout.obj
 0001:0000e790       ?qt_metacast@DlgAbout@@UEAAPEAXPEBD@Z 000000014000f790 f   moc_DlgAbout.obj
 0001:0000e7e0       ?metaObject@DlgHelp@@UEBAPEBUQMetaObject@@XZ 000000014000f7e0 f   moc_DlgHelp.obj
 0001:0000e800       ?qt_metacall@DlgHelp@@UEAAHW4Call@QMetaObject@@HPEAPEAX@Z 000000014000f800 f   moc_DlgHelp.obj
 0001:0000e890       ?qt_metacast@DlgHelp@@UEAAPEAXPEBD@Z 000000014000f890 f   moc_DlgHelp.obj
 0001:0000e8e0       ?qt_static_metacall@DlgHelp@@CAXPEAVQObject@@W4Call@QMetaObject@@HPEAPEAX@Z 000000014000f8e0 f   moc_DlgHelp.obj
 0001:0000e910       ?qt_static_metacall@CompareViewPanel@@CAXPEAVQObject@@W4Call@QMetaObject@@HPEAPEAX@Z 000000014000f910 f   moc_CompareViewPanel.obj
 0001:0000e950       ?metaObject@CompareViewPanel@@UEBAPEBUQMetaObject@@XZ 000000014000f950 f   moc_CompareViewPanel.obj
 0001:0000e970       ?qt_metacall@CompareViewPanel@@UEAAHW4Call@QMetaObject@@HPEAPEAX@Z 000000014000f970 f   moc_CompareViewPanel.obj
 0001:0000ea10       ?qt_metacast@CompareViewPanel@@UEAAPEAXPEBD@Z 000000014000fa10 f   moc_CompareViewPanel.obj
 0001:0000ea60       ?qt_static_metacall@MenuManager@@CAXPEAVQObject@@W4Call@QMetaObject@@HPEAPEAX@Z 000000014000fa60 f   moc_MenuManager.obj
 0001:0000ea90       ?onMouseDoubleClickEvent@MyLabel@@QEAAXPEAVQMouseEvent@@@Z 000000014000fa90 f   moc_MyLabel.obj
 0001:0000ead0       ?onMouseMoveEvent@MyLabel@@QEAAXPEAVQMouseEvent@@@Z 000000014000fad0 f   moc_MyLabel.obj
 0001:0000eb10       ?onMousePressEvent@MyLabel@@QEAAXPEAVQMouseEvent@@@Z 000000014000fb10 f   moc_MyLabel.obj
 0001:0000eb50       ?onMouseReleaseEvent@MyLabel@@QEAAXPEAVQMouseEvent@@@Z 000000014000fb50 f   moc_MyLabel.obj
 0001:0000eb90       ?onResize@MyLabel@@QEAAXPEAVQResizeEvent@@@Z 000000014000fb90 f   moc_MyLabel.obj
 0001:0000ebd0       ?qt_static_metacall@MyLabel@@CAXPEAVQObject@@W4Call@QMetaObject@@HPEAPEAX@Z 000000014000fbd0 f   moc_MyLabel.obj
 0001:0000ed40       ?metaObject@MyPanelBase@@UEBAPEBUQMetaObject@@XZ 000000014000fd40 f   moc_MyPanelBase.obj
 0001:0000ed60       ?qt_metacall@MyPanelBase@@UEAAHW4Call@QMetaObject@@HPEAPEAX@Z 000000014000fd60 f   moc_MyPanelBase.obj
 0001:0000edd0       ?qt_metacast@MyPanelBase@@UEAAPEAXPEBD@Z 000000014000fdd0 f   moc_MyPanelBase.obj
 0001:0000ee20       ?qt_static_metacall@MyPanelBase@@CAXPEAVQObject@@W4Call@QMetaObject@@HPEAPEAX@Z 000000014000fe20 f   moc_MyPanelBase.obj
 0001:0000eed0       ?metaObject@MyWidget@@UEBAPEBUQMetaObject@@XZ 000000014000fed0 f   moc_MyWidget.obj
 0001:0000eef0       ?onKeyPressEvent@MyWidget@@QEAAXPEAVQKeyEvent@@@Z 000000014000fef0 f   moc_MyWidget.obj
 0001:0000ef30       ?onKeyReleaseEvent@MyWidget@@QEAAXPEAVQKeyEvent@@@Z 000000014000ff30 f   moc_MyWidget.obj
 0001:0000ef70       ?onMouseDoubleClickEvent@MyWidget@@QEAAXPEAVQMouseEvent@@@Z 000000014000ff70 f   moc_MyWidget.obj
 0001:0000efb0       ?onMouseMoveEvent@MyWidget@@QEAAXPEAVQMouseEvent@@@Z 000000014000ffb0 f   moc_MyWidget.obj
 0001:0000eff0       ?onMousePressEvent@MyWidget@@QEAAXPEAVQMouseEvent@@@Z 000000014000fff0 f   moc_MyWidget.obj
 0001:0000f030       ?onMouseReleaseEvent@MyWidget@@QEAAXPEAVQMouseEvent@@@Z 0000000140010030 f   moc_MyWidget.obj
 0001:0000f070       ?onMouseWheelEvent@MyWidget@@QEAAXPEAVQWheelEvent@@@Z 0000000140010070 f   moc_MyWidget.obj
 0001:0000f0b0       ?onResize@MyWidget@@QEAAXPEAVQResizeEvent@@@Z 00000001400100b0 f   moc_MyWidget.obj
 0001:0000f0f0       ?qt_metacall@MyWidget@@UEAAHW4Call@QMetaObject@@HPEAPEAX@Z 00000001400100f0 f   moc_MyWidget.obj
 0001:0000f160       ?qt_metacast@MyWidget@@UEAAPEAXPEBD@Z 0000000140010160 f   moc_MyWidget.obj
 0001:0000f1b0       ?qt_static_metacall@MyWidget@@CAXPEAVQObject@@W4Call@QMetaObject@@HPEAPEAX@Z 00000001400101b0 f   moc_MyWidget.obj
 0001:0000f360       ?FileSelected@FileBrowser@@QEAAXVQStringList@@@Z 0000000140010360 f   moc_FileBrowser.obj
 0001:0000f3b0       ?metaObject@FileBrowser@@UEBAPEBUQMetaObject@@XZ 00000001400103b0 f   moc_FileBrowser.obj
 0001:0000f3d0       ?qt_metacall@FileBrowser@@UEAAHW4Call@QMetaObject@@HPEAPEAX@Z 00000001400103d0 f   moc_FileBrowser.obj
 0001:0000f440       ?qt_metacast@FileBrowser@@UEAAPEAXPEBD@Z 0000000140010440 f   moc_FileBrowser.obj
 0001:0000f490       ?qt_static_metacall@FileBrowser@@CAXPEAVQObject@@W4Call@QMetaObject@@HPEAPEAX@Z 0000000140010490 f   moc_FileBrowser.obj
 0001:0000f530       ?metaObject@ComparePage@@UEBAPEBUQMetaObject@@XZ 0000000140010530 f   moc_ComparePage.obj
 0001:0000f550       ?qt_metacall@ComparePage@@UEAAHW4Call@QMetaObject@@HPEAPEAX@Z 0000000140010550 f   moc_ComparePage.obj
 0001:0000f560       ?qt_metacast@ComparePage@@UEAAPEAXPEBD@Z 0000000140010560 f   moc_ComparePage.obj
 0001:0000f5b0       ?qt_static_metacall@HomePage@@CAXPEAVQObject@@W4Call@QMetaObject@@HPEAPEAX@Z 00000001400105b0 f   moc_HomePage.obj
 0001:0000f5f0       ?metaObject@HomePage@@UEBAPEBUQMetaObject@@XZ 00000001400105f0 f   moc_HomePage.obj
 0001:0000f610       ?qt_metacall@HomePage@@UEAAHW4Call@QMetaObject@@HPEAPEAX@Z 0000000140010610 f   moc_HomePage.obj
 0001:0000f6b0       ?qt_metacast@HomePage@@UEAAPEAXPEBD@Z 00000001400106b0 f   moc_HomePage.obj
 0001:0000f700       ?qt_static_metacall@TitleBar@@CAXPEAVQObject@@W4Call@QMetaObject@@HPEAPEAX@Z 0000000140010700 f   moc_TitleBar.obj
 0001:0000f7a0       ?MaxWndClickedEvent@TitleBar@@QEAAX_N@Z 00000001400107a0 f   moc_TitleBar.obj
 0001:0000f7e0       ?metaObject@TitleBar@@UEBAPEBUQMetaObject@@XZ 00000001400107e0 f   moc_TitleBar.obj
 0001:0000f800       ?qt_metacall@TitleBar@@UEAAHW4Call@QMetaObject@@HPEAPEAX@Z 0000000140010800 f   moc_TitleBar.obj
 0001:0000f910       ?qt_metacast@TitleBar@@UEAAPEAXPEBD@Z 0000000140010910 f   moc_TitleBar.obj
 0001:0000f960       ?qt_static_metacall@QAbstractFormBuilderGadget@QFormInternal@@CAXPEAVQObject@@W4Call@QMetaObject@@HPEAPEAX@Z 0000000140010960 f   Qt5UiTools:moc_properties_p.obj
 0001:0000f9e4       ?resizeEvent@QWidget@@MEAAXPEAVQResizeEvent@@@Z 00000001400109e4 f   Qt5Widgets:Qt5Widgets.dll
 0001:0000f9ea       ?closeEvent@QWidget@@MEAAXPEAVQCloseEvent@@@Z 00000001400109ea f   Qt5Widgets:Qt5Widgets.dll
 0001:0000f9f0       ?showEvent@QWidget@@MEAAXPEAVQShowEvent@@@Z 00000001400109f0 f   Qt5Widgets:Qt5Widgets.dll
 0001:0000f9f6       ?actionEvent@QWidget@@MEAAXPEAVQActionEvent@@@Z 00000001400109f6 f   Qt5Widgets:Qt5Widgets.dll
 0001:0000f9fc       ?addItem@QGridLayout@@MEAAXPEAVQLayoutItem@@@Z 00000001400109fc f   Qt5Widgets:Qt5Widgets.dll
 0001:0000fa02       ?changeEvent@QFrame@@MEAAXPEAVQEvent@@@Z 0000000140010a02 f   Qt5Widgets:Qt5Widgets.dll
 0001:0000fa08       ?changeEvent@QWidget@@MEAAXPEAVQEvent@@@Z 0000000140010a08 f   Qt5Widgets:Qt5Widgets.dll
 0001:0000fa0e       ?childEvent@QLayout@@MEAAXPEAVQChildEvent@@@Z 0000000140010a0e f   Qt5Widgets:Qt5Widgets.dll
 0001:0000fa14       ?contextMenuEvent@QMainWindow@@MEAAXPEAVQContextMenuEvent@@@Z 0000000140010a14 f   Qt5Widgets:Qt5Widgets.dll
 0001:0000fa1a       ?contextMenuEvent@QWidget@@MEAAXPEAVQContextMenuEvent@@@Z 0000000140010a1a f   Qt5Widgets:Qt5Widgets.dll
 0001:0000fa20       ?controlTypes@QLayout@@UEBA?AV?$QFlags@W4ControlType@QSizePolicy@@@@XZ 0000000140010a20 f   Qt5Widgets:Qt5Widgets.dll
 0001:0000fa26       ?count@QGridLayout@@UEBAHXZ 0000000140010a26 f   Qt5Widgets:Qt5Widgets.dll
 0001:0000fa2c       ?createPopupMenu@QMainWindow@@UEAAPEAVQMenu@@XZ 0000000140010a2c f   Qt5Widgets:Qt5Widgets.dll
 0001:0000fa32       ?devType@QWidget@@UEBAHXZ  0000000140010a32 f   Qt5Widgets:Qt5Widgets.dll
 0001:0000fa38       ?dragEnterEvent@QWidget@@MEAAXPEAVQDragEnterEvent@@@Z 0000000140010a38 f   Qt5Widgets:Qt5Widgets.dll
 0001:0000fa3e       ?dragLeaveEvent@QWidget@@MEAAXPEAVQDragLeaveEvent@@@Z 0000000140010a3e f   Qt5Widgets:Qt5Widgets.dll
 0001:0000fa44       ?dragMoveEvent@QWidget@@MEAAXPEAVQDragMoveEvent@@@Z 0000000140010a44 f   Qt5Widgets:Qt5Widgets.dll
 0001:0000fa4a       ?dropEvent@QWidget@@MEAAXPEAVQDropEvent@@@Z 0000000140010a4a f   Qt5Widgets:Qt5Widgets.dll
 0001:0000fa50       ?enterEvent@QWidget@@MEAAXPEAVQEvent@@@Z 0000000140010a50 f   Qt5Widgets:Qt5Widgets.dll
 0001:0000fa56       ?event@QFrame@@MEAA_NPEAVQEvent@@@Z 0000000140010a56 f   Qt5Widgets:Qt5Widgets.dll
 0001:0000fa5c       ?event@QMainWindow@@MEAA_NPEAVQEvent@@@Z 0000000140010a5c f   Qt5Widgets:Qt5Widgets.dll
 0001:0000fa62       ?event@QWidget@@MEAA_NPEAVQEvent@@@Z 0000000140010a62 f   Qt5Widgets:Qt5Widgets.dll
 0001:0000fa68       ?expandingDirections@QGridLayout@@UEBA?AV?$QFlags@W4Orientation@Qt@@@@XZ 0000000140010a68 f   Qt5Widgets:Qt5Widgets.dll
 0001:0000fa6e       ?focusInEvent@QWidget@@MEAAXPEAVQFocusEvent@@@Z 0000000140010a6e f   Qt5Widgets:Qt5Widgets.dll
 0001:0000fa74       ?focusNextPrevChild@QWidget@@MEAA_N_N@Z 0000000140010a74 f   Qt5Widgets:Qt5Widgets.dll
 0001:0000fa7a       ?focusOutEvent@QWidget@@MEAAXPEAVQFocusEvent@@@Z 0000000140010a7a f   Qt5Widgets:Qt5Widgets.dll
 0001:0000fa80       ?geometry@QLayout@@UEBA?AVQRect@@XZ 0000000140010a80 f   Qt5Widgets:Qt5Widgets.dll
 0001:0000fa86       ?hasHeightForWidth@QGridLayout@@UEBA_NXZ 0000000140010a86 f   Qt5Widgets:Qt5Widgets.dll
 0001:0000fa8c       ?hasHeightForWidth@QWidget@@UEBA_NXZ 0000000140010a8c f   Qt5Widgets:Qt5Widgets.dll
 0001:0000fa92       ?heightForWidth@QGridLayout@@UEBAHH@Z 0000000140010a92 f   Qt5Widgets:Qt5Widgets.dll
 0001:0000fa98       ?heightForWidth@QWidget@@UEBAHH@Z 0000000140010a98 f   Qt5Widgets:Qt5Widgets.dll
 0001:0000fa9e       ?hideEvent@QWidget@@MEAAXPEAVQHideEvent@@@Z 0000000140010a9e f   Qt5Widgets:Qt5Widgets.dll
 0001:0000faa4       ?indexOf@QLayout@@UEBAHPEAVQWidget@@@Z 0000000140010aa4 f   Qt5Widgets:Qt5Widgets.dll
 0001:0000faaa       ?initPainter@QWidget@@MEBAXPEAVQPainter@@@Z 0000000140010aaa f   Qt5Widgets:Qt5Widgets.dll
 0001:0000fab0       ?inputMethodEvent@QWidget@@MEAAXPEAVQInputMethodEvent@@@Z 0000000140010ab0 f   Qt5Widgets:Qt5Widgets.dll
 0001:0000fab6       ?inputMethodQuery@QWidget@@UEBA?AVQVariant@@W4InputMethodQuery@Qt@@@Z 0000000140010ab6 f   Qt5Widgets:Qt5Widgets.dll
 0001:0000fabc       ?invalidate@QGridLayout@@UEAAXXZ 0000000140010abc f   Qt5Widgets:Qt5Widgets.dll
 0001:0000fac2       ?isEmpty@QLayout@@UEBA_NXZ 0000000140010ac2 f   Qt5Widgets:Qt5Widgets.dll
 0001:0000fac8       ?itemAt@QGridLayout@@UEBAPEAVQLayoutItem@@H@Z 0000000140010ac8 f   Qt5Widgets:Qt5Widgets.dll
 0001:0000face       ?keyPressEvent@QWidget@@MEAAXPEAVQKeyEvent@@@Z 0000000140010ace f   Qt5Widgets:Qt5Widgets.dll
 0001:0000fad4       ?keyReleaseEvent@QWidget@@MEAAXPEAVQKeyEvent@@@Z 0000000140010ad4 f   Qt5Widgets:Qt5Widgets.dll
 0001:0000fada       ?layout@QLayout@@UEAAPEAV1@XZ 0000000140010ada f   Qt5Widgets:Qt5Widgets.dll
 0001:0000fae0       ?leaveEvent@QWidget@@MEAAXPEAVQEvent@@@Z 0000000140010ae0 f   Qt5Widgets:Qt5Widgets.dll
 0001:0000fae6       ?maximumSize@QGridLayout@@UEBA?AVQSize@@XZ 0000000140010ae6 f   Qt5Widgets:Qt5Widgets.dll
 0001:0000faec       ?metaObject@QFrame@@UEBAPEBUQMetaObject@@XZ 0000000140010aec f   Qt5Widgets:Qt5Widgets.dll
 0001:0000faf2       ?metaObject@QGridLayout@@UEBAPEBUQMetaObject@@XZ 0000000140010af2 f   Qt5Widgets:Qt5Widgets.dll
 0001:0000faf8       ?metaObject@QWidget@@UEBAPEBUQMetaObject@@XZ 0000000140010af8 f   Qt5Widgets:Qt5Widgets.dll
 0001:0000fafe       ?metric@QWidget@@MEBAHW4PaintDeviceMetric@QPaintDevice@@@Z 0000000140010afe f   Qt5Widgets:Qt5Widgets.dll
 0001:0000fb04       ?minimumHeightForWidth@QGridLayout@@UEBAHH@Z 0000000140010b04 f   Qt5Widgets:Qt5Widgets.dll
 0001:0000fb0a       ?minimumSize@QGridLayout@@UEBA?AVQSize@@XZ 0000000140010b0a f   Qt5Widgets:Qt5Widgets.dll
 0001:0000fb10       ?minimumSizeHint@QWidget@@UEBA?AVQSize@@XZ 0000000140010b10 f   Qt5Widgets:Qt5Widgets.dll
 0001:0000fb16       ?mouseDoubleClickEvent@QWidget@@MEAAXPEAVQMouseEvent@@@Z 0000000140010b16 f   Qt5Widgets:Qt5Widgets.dll
 0001:0000fb1c       ?mouseMoveEvent@QWidget@@MEAAXPEAVQMouseEvent@@@Z 0000000140010b1c f   Qt5Widgets:Qt5Widgets.dll
 0001:0000fb22       ?mousePressEvent@QWidget@@MEAAXPEAVQMouseEvent@@@Z 0000000140010b22 f   Qt5Widgets:Qt5Widgets.dll
 0001:0000fb28       ?mouseReleaseEvent@QWidget@@MEAAXPEAVQMouseEvent@@@Z 0000000140010b28 f   Qt5Widgets:Qt5Widgets.dll
 0001:0000fb2e       ?moveEvent@QWidget@@MEAAXPEAVQMoveEvent@@@Z 0000000140010b2e f   Qt5Widgets:Qt5Widgets.dll
 0001:0000fb34       ?nativeEvent@QWidget@@MEAA_NAEBVQByteArray@@PEAXPEAJ@Z 0000000140010b34 f   Qt5Widgets:Qt5Widgets.dll
 0001:0000fb3a       ?paintEngine@QWidget@@UEBAPEAVQPaintEngine@@XZ 0000000140010b3a f   Qt5Widgets:Qt5Widgets.dll
 0001:0000fb40       ?paintEvent@QFrame@@MEAAXPEAVQPaintEvent@@@Z 0000000140010b40 f   Qt5Widgets:Qt5Widgets.dll
 0001:0000fb46       ?paintEvent@QWidget@@MEAAXPEAVQPaintEvent@@@Z 0000000140010b46 f   Qt5Widgets:Qt5Widgets.dll
 0001:0000fb4c       ?qt_metacall@QFrame@@UEAAHW4Call@QMetaObject@@HPEAPEAX@Z 0000000140010b4c f   Qt5Widgets:Qt5Widgets.dll
 0001:0000fb52       ?qt_metacall@QGridLayout@@UEAAHW4Call@QMetaObject@@HPEAPEAX@Z 0000000140010b52 f   Qt5Widgets:Qt5Widgets.dll
 0001:0000fb58       ?qt_metacall@QWidget@@UEAAHW4Call@QMetaObject@@HPEAPEAX@Z 0000000140010b58 f   Qt5Widgets:Qt5Widgets.dll
 0001:0000fb5e       ?qt_metacast@QFrame@@UEAAPEAXPEBD@Z 0000000140010b5e f   Qt5Widgets:Qt5Widgets.dll
 0001:0000fb64       ?qt_metacast@QGridLayout@@UEAAPEAXPEBD@Z 0000000140010b64 f   Qt5Widgets:Qt5Widgets.dll
 0001:0000fb6a       ?qt_metacast@QWidget@@UEAAPEAXPEBD@Z 0000000140010b6a f   Qt5Widgets:Qt5Widgets.dll
 0001:0000fb70       ?redirected@QWidget@@MEBAPEAVQPaintDevice@@PEAVQPoint@@@Z 0000000140010b70 f   Qt5Widgets:Qt5Widgets.dll
 0001:0000fb76       ?setGeometry@QGridLayout@@UEAAXAEBVQRect@@@Z 0000000140010b76 f   Qt5Widgets:Qt5Widgets.dll
 0001:0000fb7c       ?setVisible@QWidget@@UEAAX_N@Z 0000000140010b7c f   Qt5Widgets:Qt5Widgets.dll
 0001:0000fb82       ?sharedPainter@QWidget@@MEBAPEAVQPainter@@XZ 0000000140010b82 f   Qt5Widgets:Qt5Widgets.dll
 0001:0000fb88       ?sizeHint@QFrame@@UEBA?AVQSize@@XZ 0000000140010b88 f   Qt5Widgets:Qt5Widgets.dll
 0001:0000fb8e       ?sizeHint@QGridLayout@@UEBA?AVQSize@@XZ 0000000140010b8e f   Qt5Widgets:Qt5Widgets.dll
 0001:0000fb94       ?sizeHint@QWidget@@UEBA?AVQSize@@XZ 0000000140010b94 f   Qt5Widgets:Qt5Widgets.dll
 0001:0000fb9a       ?spacerItem@QLayoutItem@@UEAAPEAVQSpacerItem@@XZ 0000000140010b9a f   Qt5Widgets:Qt5Widgets.dll
 0001:0000fba0       ?tabletEvent@QWidget@@MEAAXPEAVQTabletEvent@@@Z 0000000140010ba0 f   Qt5Widgets:Qt5Widgets.dll
 0001:0000fba6       ?takeAt@QGridLayout@@UEAAPEAVQLayoutItem@@H@Z 0000000140010ba6 f   Qt5Widgets:Qt5Widgets.dll
 0001:0000fbac       ?wheelEvent@QWidget@@MEAAXPEAVQWheelEvent@@@Z 0000000140010bac f   Qt5Widgets:Qt5Widgets.dll
 0001:0000fbb2       ?widget@QLayoutItem@@UEAAPEAVQWidget@@XZ 0000000140010bb2 f   Qt5Widgets:Qt5Widgets.dll
 0001:0000fbb8       ?accept@QDialog@@UEAAXXZ   0000000140010bb8 f   Qt5Widgets:Qt5Widgets.dll
 0001:0000fbbe       ?backward@QTextBrowser@@UEAAXXZ 0000000140010bbe f   Qt5Widgets:Qt5Widgets.dll
 0001:0000fbc4       ?canInsertFromMimeData@QTextEdit@@MEBA_NPEBVQMimeData@@@Z 0000000140010bc4 f   Qt5Widgets:Qt5Widgets.dll
 0001:0000fbca       ?changeEvent@QAbstractButton@@MEAAXPEAVQEvent@@@Z 0000000140010bca f   Qt5Widgets:Qt5Widgets.dll
 0001:0000fbd0       ?changeEvent@QTextEdit@@MEAAXPEAVQEvent@@@Z 0000000140010bd0 f   Qt5Widgets:Qt5Widgets.dll
 0001:0000fbd6       ?checkStateSet@QAbstractButton@@MEAAXXZ 0000000140010bd6 f   Qt5Widgets:Qt5Widgets.dll
 0001:0000fbdc       ?contextMenuEvent@QAbstractScrollArea@@MEAAXPEAVQContextMenuEvent@@@Z 0000000140010bdc f   Qt5Widgets:Qt5Widgets.dll
 0001:0000fbe2       ?contextMenuEvent@QDialog@@MEAAXPEAVQContextMenuEvent@@@Z 0000000140010be2 f   Qt5Widgets:Qt5Widgets.dll
 0001:0000fbe8       ?contextMenuEvent@QTextEdit@@MEAAXPEAVQContextMenuEvent@@@Z 0000000140010be8 f   Qt5Widgets:Qt5Widgets.dll
 0001:0000fbee       ?createMimeDataFromSelection@QTextEdit@@MEBAPEAVQMimeData@@XZ 0000000140010bee f   Qt5Widgets:Qt5Widgets.dll
 0001:0000fbf4       ?doSetTextCursor@QTextEdit@@MEAAXAEBVQTextCursor@@@Z 0000000140010bf4 f   Qt5Widgets:Qt5Widgets.dll
 0001:0000fbfa       ?done@QDialog@@UEAAXH@Z    0000000140010bfa f   Qt5Widgets:Qt5Widgets.dll
 0001:0000fc00       ?dragEnterEvent@QAbstractScrollArea@@MEAAXPEAVQDragEnterEvent@@@Z 0000000140010c00 f   Qt5Widgets:Qt5Widgets.dll
 0001:0000fc06       ?dragEnterEvent@QTextEdit@@MEAAXPEAVQDragEnterEvent@@@Z 0000000140010c06 f   Qt5Widgets:Qt5Widgets.dll
 0001:0000fc0c       ?dragLeaveEvent@QAbstractScrollArea@@MEAAXPEAVQDragLeaveEvent@@@Z 0000000140010c0c f   Qt5Widgets:Qt5Widgets.dll
 0001:0000fc12       ?dragLeaveEvent@QTextEdit@@MEAAXPEAVQDragLeaveEvent@@@Z 0000000140010c12 f   Qt5Widgets:Qt5Widgets.dll
 0001:0000fc18       ?dragMoveEvent@QAbstractScrollArea@@MEAAXPEAVQDragMoveEvent@@@Z 0000000140010c18 f   Qt5Widgets:Qt5Widgets.dll
 0001:0000fc1e       ?dragMoveEvent@QTextEdit@@MEAAXPEAVQDragMoveEvent@@@Z 0000000140010c1e f   Qt5Widgets:Qt5Widgets.dll
 0001:0000fc24       ?dropEvent@QAbstractScrollArea@@MEAAXPEAVQDropEvent@@@Z 0000000140010c24 f   Qt5Widgets:Qt5Widgets.dll
 0001:0000fc2a       ?dropEvent@QTextEdit@@MEAAXPEAVQDropEvent@@@Z 0000000140010c2a f   Qt5Widgets:Qt5Widgets.dll
 0001:0000fc30       ?event@QPushButton@@MEAA_NPEAVQEvent@@@Z 0000000140010c30 f   Qt5Widgets:Qt5Widgets.dll
 0001:0000fc36       ?event@QScrollArea@@MEAA_NPEAVQEvent@@@Z 0000000140010c36 f   Qt5Widgets:Qt5Widgets.dll
 0001:0000fc3c       ?event@QTextBrowser@@MEAA_NPEAVQEvent@@@Z 0000000140010c3c f   Qt5Widgets:Qt5Widgets.dll
 0001:0000fc42       ?eventFilter@QAbstractScrollArea@@MEAA_NPEAVQObject@@PEAVQEvent@@@Z 0000000140010c42 f   Qt5Widgets:Qt5Widgets.dll
 0001:0000fc48       ?eventFilter@QDialog@@MEAA_NPEAVQObject@@PEAVQEvent@@@Z 0000000140010c48 f   Qt5Widgets:Qt5Widgets.dll
 0001:0000fc4e       ?eventFilter@QScrollArea@@MEAA_NPEAVQObject@@PEAVQEvent@@@Z 0000000140010c4e f   Qt5Widgets:Qt5Widgets.dll
 0001:0000fc54       ?exec@QDialog@@UEAAHXZ     0000000140010c54 f   Qt5Widgets:Qt5Widgets.dll
 0001:0000fc5a       ?focusInEvent@QPushButton@@MEAAXPEAVQFocusEvent@@@Z 0000000140010c5a f   Qt5Widgets:Qt5Widgets.dll
 0001:0000fc60       ?focusInEvent@QTextEdit@@MEAAXPEAVQFocusEvent@@@Z 0000000140010c60 f   Qt5Widgets:Qt5Widgets.dll
 0001:0000fc66       ?focusNextPrevChild@QScrollArea@@UEAA_N_N@Z 0000000140010c66 f   Qt5Widgets:Qt5Widgets.dll
 0001:0000fc6c       ?focusNextPrevChild@QTextBrowser@@MEAA_N_N@Z 0000000140010c6c f   Qt5Widgets:Qt5Widgets.dll
 0001:0000fc72       ?focusOutEvent@QPushButton@@MEAAXPEAVQFocusEvent@@@Z 0000000140010c72 f   Qt5Widgets:Qt5Widgets.dll
 0001:0000fc78       ?focusOutEvent@QTextBrowser@@MEAAXPEAVQFocusEvent@@@Z 0000000140010c78 f   Qt5Widgets:Qt5Widgets.dll
 0001:0000fc7e       ?forward@QTextBrowser@@UEAAXXZ 0000000140010c7e f   Qt5Widgets:Qt5Widgets.dll
 0001:0000fc84       ?hitButton@QAbstractButton@@MEBA_NAEBVQPoint@@@Z 0000000140010c84 f   Qt5Widgets:Qt5Widgets.dll
 0001:0000fc8a       ?home@QTextBrowser@@UEAAXXZ 0000000140010c8a f   Qt5Widgets:Qt5Widgets.dll
 0001:0000fc90       ?inputMethodEvent@QTextEdit@@MEAAXPEAVQInputMethodEvent@@@Z 0000000140010c90 f   Qt5Widgets:Qt5Widgets.dll
 0001:0000fc96       ?inputMethodQuery@QTextEdit@@UEBA?AVQVariant@@W4InputMethodQuery@Qt@@@Z 0000000140010c96 f   Qt5Widgets:Qt5Widgets.dll
 0001:0000fc9c       ?insertFromMimeData@QTextEdit@@MEAAXPEBVQMimeData@@@Z 0000000140010c9c f   Qt5Widgets:Qt5Widgets.dll
 0001:0000fca2       ?keyPressEvent@QAbstractScrollArea@@MEAAXPEAVQKeyEvent@@@Z 0000000140010ca2 f   Qt5Widgets:Qt5Widgets.dll
 0001:0000fca8       ?keyPressEvent@QDialog@@MEAAXPEAVQKeyEvent@@@Z 0000000140010ca8 f   Qt5Widgets:Qt5Widgets.dll
 0001:0000fcae       ?keyPressEvent@QPushButton@@MEAAXPEAVQKeyEvent@@@Z 0000000140010cae f   Qt5Widgets:Qt5Widgets.dll
 0001:0000fcb4       ?keyPressEvent@QTextBrowser@@MEAAXPEAVQKeyEvent@@@Z 0000000140010cb4 f   Qt5Widgets:Qt5Widgets.dll
 0001:0000fcba       ?keyReleaseEvent@QAbstractButton@@MEAAXPEAVQKeyEvent@@@Z 0000000140010cba f   Qt5Widgets:Qt5Widgets.dll
 0001:0000fcc0       ?keyReleaseEvent@QTextEdit@@MEAAXPEAVQKeyEvent@@@Z 0000000140010cc0 f   Qt5Widgets:Qt5Widgets.dll
 0001:0000fcc6       ?loadResource@QTextBrowser@@UEAA?AVQVariant@@HAEBVQUrl@@@Z 0000000140010cc6 f   Qt5Widgets:Qt5Widgets.dll
 0001:0000fccc       ?metaObject@QPushButton@@UEBAPEBUQMetaObject@@XZ 0000000140010ccc f   Qt5Widgets:Qt5Widgets.dll
 0001:0000fcd2       ?metaObject@QScrollArea@@UEBAPEBUQMetaObject@@XZ 0000000140010cd2 f   Qt5Widgets:Qt5Widgets.dll
 0001:0000fcd8       ?metaObject@QTextBrowser@@UEBAPEBUQMetaObject@@XZ 0000000140010cd8 f   Qt5Widgets:Qt5Widgets.dll
 0001:0000fcde       ?minimumSizeHint@QAbstractScrollArea@@UEBA?AVQSize@@XZ 0000000140010cde f   Qt5Widgets:Qt5Widgets.dll
 0001:0000fce4       ?minimumSizeHint@QDialog@@UEBA?AVQSize@@XZ 0000000140010ce4 f   Qt5Widgets:Qt5Widgets.dll
 0001:0000fcea       ?minimumSizeHint@QPushButton@@UEBA?AVQSize@@XZ 0000000140010cea f   Qt5Widgets:Qt5Widgets.dll
 0001:0000fcf0       ?mouseDoubleClickEvent@QAbstractScrollArea@@MEAAXPEAVQMouseEvent@@@Z 0000000140010cf0 f   Qt5Widgets:Qt5Widgets.dll
 0001:0000fcf6       ?mouseDoubleClickEvent@QTextEdit@@MEAAXPEAVQMouseEvent@@@Z 0000000140010cf6 f   Qt5Widgets:Qt5Widgets.dll
 0001:0000fcfc       ?mouseMoveEvent@QAbstractButton@@MEAAXPEAVQMouseEvent@@@Z 0000000140010cfc f   Qt5Widgets:Qt5Widgets.dll
 0001:0000fd02       ?mouseMoveEvent@QAbstractScrollArea@@MEAAXPEAVQMouseEvent@@@Z 0000000140010d02 f   Qt5Widgets:Qt5Widgets.dll
 0001:0000fd08       ?mouseMoveEvent@QTextBrowser@@MEAAXPEAVQMouseEvent@@@Z 0000000140010d08 f   Qt5Widgets:Qt5Widgets.dll
 0001:0000fd0e       ?mousePressEvent@QAbstractButton@@MEAAXPEAVQMouseEvent@@@Z 0000000140010d0e f   Qt5Widgets:Qt5Widgets.dll
 0001:0000fd14       ?mousePressEvent@QAbstractScrollArea@@MEAAXPEAVQMouseEvent@@@Z 0000000140010d14 f   Qt5Widgets:Qt5Widgets.dll
 0001:0000fd1a       ?mousePressEvent@QTextBrowser@@MEAAXPEAVQMouseEvent@@@Z 0000000140010d1a f   Qt5Widgets:Qt5Widgets.dll
 0001:0000fd20       ?mouseReleaseEvent@QAbstractButton@@MEAAXPEAVQMouseEvent@@@Z 0000000140010d20 f   Qt5Widgets:Qt5Widgets.dll
 0001:0000fd26       ?mouseReleaseEvent@QAbstractScrollArea@@MEAAXPEAVQMouseEvent@@@Z 0000000140010d26 f   Qt5Widgets:Qt5Widgets.dll
 0001:0000fd2c       ?mouseReleaseEvent@QTextBrowser@@MEAAXPEAVQMouseEvent@@@Z 0000000140010d2c f   Qt5Widgets:Qt5Widgets.dll
 0001:0000fd32       ?nextCheckState@QAbstractButton@@MEAAXXZ 0000000140010d32 f   Qt5Widgets:Qt5Widgets.dll
 0001:0000fd38       ?open@QDialog@@UEAAXXZ     0000000140010d38 f   Qt5Widgets:Qt5Widgets.dll
 0001:0000fd3e       ?paintEvent@QAbstractScrollArea@@MEAAXPEAVQPaintEvent@@@Z 0000000140010d3e f   Qt5Widgets:Qt5Widgets.dll
 0001:0000fd44       ?paintEvent@QPushButton@@MEAAXPEAVQPaintEvent@@@Z 0000000140010d44 f   Qt5Widgets:Qt5Widgets.dll
 0001:0000fd4a       ?paintEvent@QTextBrowser@@MEAAXPEAVQPaintEvent@@@Z 0000000140010d4a f   Qt5Widgets:Qt5Widgets.dll
 0001:0000fd50       ?qt_metacall@QPushButton@@UEAAHW4Call@QMetaObject@@HPEAPEAX@Z 0000000140010d50 f   Qt5Widgets:Qt5Widgets.dll
 0001:0000fd56       ?qt_metacall@QScrollArea@@UEAAHW4Call@QMetaObject@@HPEAPEAX@Z 0000000140010d56 f   Qt5Widgets:Qt5Widgets.dll
 0001:0000fd5c       ?qt_metacall@QTextBrowser@@UEAAHW4Call@QMetaObject@@HPEAPEAX@Z 0000000140010d5c f   Qt5Widgets:Qt5Widgets.dll
 0001:0000fd62       ?qt_metacast@QPushButton@@UEAAPEAXPEBD@Z 0000000140010d62 f   Qt5Widgets:Qt5Widgets.dll
 0001:0000fd68       ?qt_metacast@QScrollArea@@UEAAPEAXPEBD@Z 0000000140010d68 f   Qt5Widgets:Qt5Widgets.dll
 0001:0000fd6e       ?qt_metacast@QTextBrowser@@UEAAPEAXPEBD@Z 0000000140010d6e f   Qt5Widgets:Qt5Widgets.dll
 0001:0000fd74       ?reject@QDialog@@UEAAXXZ   0000000140010d74 f   Qt5Widgets:Qt5Widgets.dll
 0001:0000fd7a       ?reload@QTextBrowser@@UEAAXXZ 0000000140010d7a f   Qt5Widgets:Qt5Widgets.dll
 0001:0000fd80       ?resizeEvent@QScrollArea@@MEAAXPEAVQResizeEvent@@@Z 0000000140010d80 f   Qt5Widgets:Qt5Widgets.dll
 0001:0000fd86       ?resizeEvent@QTextEdit@@MEAAXPEAVQResizeEvent@@@Z 0000000140010d86 f   Qt5Widgets:Qt5Widgets.dll
 0001:0000fd8c       ?scrollContentsBy@QScrollArea@@MEAAXHH@Z 0000000140010d8c f   Qt5Widgets:Qt5Widgets.dll
 0001:0000fd92       ?scrollContentsBy@QTextEdit@@MEAAXHH@Z 0000000140010d92 f   Qt5Widgets:Qt5Widgets.dll
 0001:0000fd98       ?setSource@QTextBrowser@@UEAAXAEBVQUrl@@@Z 0000000140010d98 f   Qt5Widgets:Qt5Widgets.dll
 0001:0000fd9e       ?setVisible@QDialog@@UEAAX_N@Z 0000000140010d9e f   Qt5Widgets:Qt5Widgets.dll
 0001:0000fda4       ?setupViewport@QAbstractScrollArea@@UEAAXPEAVQWidget@@@Z 0000000140010da4 f   Qt5Widgets:Qt5Widgets.dll
 0001:0000fdaa       ?showEvent@QTextEdit@@MEAAXPEAVQShowEvent@@@Z 0000000140010daa f   Qt5Widgets:Qt5Widgets.dll
 0001:0000fdb0       ?sizeHint@QAbstractScrollArea@@UEBA?AVQSize@@XZ 0000000140010db0 f   Qt5Widgets:Qt5Widgets.dll
 0001:0000fdb6       ?sizeHint@QDialog@@UEBA?AVQSize@@XZ 0000000140010db6 f   Qt5Widgets:Qt5Widgets.dll
 0001:0000fdbc       ?sizeHint@QPushButton@@UEBA?AVQSize@@XZ 0000000140010dbc f   Qt5Widgets:Qt5Widgets.dll
 0001:0000fdc2       ?sizeHint@QScrollArea@@UEBA?AVQSize@@XZ 0000000140010dc2 f   Qt5Widgets:Qt5Widgets.dll
 0001:0000fdc8       ?timerEvent@QAbstractButton@@MEAAXPEAVQTimerEvent@@@Z 0000000140010dc8 f   Qt5Widgets:Qt5Widgets.dll
 0001:0000fdce       ?timerEvent@QTextEdit@@MEAAXPEAVQTimerEvent@@@Z 0000000140010dce f   Qt5Widgets:Qt5Widgets.dll
 0001:0000fdd4       ?viewportEvent@QAbstractScrollArea@@MEAA_NPEAVQEvent@@@Z 0000000140010dd4 f   Qt5Widgets:Qt5Widgets.dll
 0001:0000fdda       ?viewportSizeHint@QAbstractScrollArea@@MEBA?AVQSize@@XZ 0000000140010dda f   Qt5Widgets:Qt5Widgets.dll
 0001:0000fde0       ?viewportSizeHint@QScrollArea@@MEBA?AVQSize@@XZ 0000000140010de0 f   Qt5Widgets:Qt5Widgets.dll
 0001:0000fde6       ?wheelEvent@QAbstractScrollArea@@MEAAXPEAVQWheelEvent@@@Z 0000000140010de6 f   Qt5Widgets:Qt5Widgets.dll
 0001:0000fdec       ?wheelEvent@QTextEdit@@MEAAXPEAVQWheelEvent@@@Z 0000000140010dec f   Qt5Widgets:Qt5Widgets.dll
 0001:0000fdf2       ?addItem@QBoxLayout@@UEAAXPEAVQLayoutItem@@@Z 0000000140010df2 f   Qt5Widgets:Qt5Widgets.dll
 0001:0000fdf8       ?changeEvent@QLabel@@MEAAXPEAVQEvent@@@Z 0000000140010df8 f   Qt5Widgets:Qt5Widgets.dll
 0001:0000fdfe       ?contextMenuEvent@QLabel@@MEAAXPEAVQContextMenuEvent@@@Z 0000000140010dfe f   Qt5Widgets:Qt5Widgets.dll
 0001:0000fe04       ?count@QBoxLayout@@UEBAHXZ 0000000140010e04 f   Qt5Widgets:Qt5Widgets.dll
 0001:0000fe0a       ?event@QLabel@@MEAA_NPEAVQEvent@@@Z 0000000140010e0a f   Qt5Widgets:Qt5Widgets.dll
 0001:0000fe10       ?expandingDirections@QBoxLayout@@UEBA?AV?$QFlags@W4Orientation@Qt@@@@XZ 0000000140010e10 f   Qt5Widgets:Qt5Widgets.dll
 0001:0000fe16       ?focusInEvent@QLabel@@MEAAXPEAVQFocusEvent@@@Z 0000000140010e16 f   Qt5Widgets:Qt5Widgets.dll
 0001:0000fe1c       ?focusNextPrevChild@QLabel@@MEAA_N_N@Z 0000000140010e1c f   Qt5Widgets:Qt5Widgets.dll
 0001:0000fe22       ?focusOutEvent@QLabel@@MEAAXPEAVQFocusEvent@@@Z 0000000140010e22 f   Qt5Widgets:Qt5Widgets.dll
 0001:0000fe28       ?hasHeightForWidth@QBoxLayout@@UEBA_NXZ 0000000140010e28 f   Qt5Widgets:Qt5Widgets.dll
 0001:0000fe2e       ?heightForWidth@QBoxLayout@@UEBAHH@Z 0000000140010e2e f   Qt5Widgets:Qt5Widgets.dll
 0001:0000fe34       ?heightForWidth@QLabel@@UEBAHH@Z 0000000140010e34 f   Qt5Widgets:Qt5Widgets.dll
 0001:0000fe3a       ?invalidate@QBoxLayout@@UEAAXXZ 0000000140010e3a f   Qt5Widgets:Qt5Widgets.dll
 0001:0000fe40       ?itemAt@QBoxLayout@@UEBAPEAVQLayoutItem@@H@Z 0000000140010e40 f   Qt5Widgets:Qt5Widgets.dll
 0001:0000fe46       ?keyPressEvent@QLabel@@MEAAXPEAVQKeyEvent@@@Z 0000000140010e46 f   Qt5Widgets:Qt5Widgets.dll
 0001:0000fe4c       ?maximumSize@QBoxLayout@@UEBA?AVQSize@@XZ 0000000140010e4c f   Qt5Widgets:Qt5Widgets.dll
 0001:0000fe52       ?metaObject@QLabel@@UEBAPEBUQMetaObject@@XZ 0000000140010e52 f   Qt5Widgets:Qt5Widgets.dll
 0001:0000fe58       ?metaObject@QVBoxLayout@@UEBAPEBUQMetaObject@@XZ 0000000140010e58 f   Qt5Widgets:Qt5Widgets.dll
 0001:0000fe5e       ?minimumHeightForWidth@QBoxLayout@@UEBAHH@Z 0000000140010e5e f   Qt5Widgets:Qt5Widgets.dll
 0001:0000fe64       ?minimumSize@QBoxLayout@@UEBA?AVQSize@@XZ 0000000140010e64 f   Qt5Widgets:Qt5Widgets.dll
 0001:0000fe6a       ?minimumSizeHint@QLabel@@UEBA?AVQSize@@XZ 0000000140010e6a f   Qt5Widgets:Qt5Widgets.dll
 0001:0000fe70       ?mouseMoveEvent@QLabel@@MEAAXPEAVQMouseEvent@@@Z 0000000140010e70 f   Qt5Widgets:Qt5Widgets.dll
 0001:0000fe76       ?mousePressEvent@QLabel@@MEAAXPEAVQMouseEvent@@@Z 0000000140010e76 f   Qt5Widgets:Qt5Widgets.dll
 0001:0000fe7c       ?mouseReleaseEvent@QLabel@@MEAAXPEAVQMouseEvent@@@Z 0000000140010e7c f   Qt5Widgets:Qt5Widgets.dll
 0001:0000fe82       ?paintEvent@QLabel@@MEAAXPEAVQPaintEvent@@@Z 0000000140010e82 f   Qt5Widgets:Qt5Widgets.dll
 0001:0000fe88       ?qt_metacall@QLabel@@UEAAHW4Call@QMetaObject@@HPEAPEAX@Z 0000000140010e88 f   Qt5Widgets:Qt5Widgets.dll
 0001:0000fe8e       ?qt_metacall@QVBoxLayout@@UEAAHW4Call@QMetaObject@@HPEAPEAX@Z 0000000140010e8e f   Qt5Widgets:Qt5Widgets.dll
 0001:0000fe94       ?qt_metacast@QLabel@@UEAAPEAXPEBD@Z 0000000140010e94 f   Qt5Widgets:Qt5Widgets.dll
 0001:0000fe9a       ?qt_metacast@QVBoxLayout@@UEAAPEAXPEBD@Z 0000000140010e9a f   Qt5Widgets:Qt5Widgets.dll
 0001:0000fea0       ?setGeometry@QBoxLayout@@UEAAXAEBVQRect@@@Z 0000000140010ea0 f   Qt5Widgets:Qt5Widgets.dll
 0001:0000fea6       ?sizeHint@QBoxLayout@@UEBA?AVQSize@@XZ 0000000140010ea6 f   Qt5Widgets:Qt5Widgets.dll
 0001:0000feac       ?sizeHint@QLabel@@UEBA?AVQSize@@XZ 0000000140010eac f   Qt5Widgets:Qt5Widgets.dll
 0001:0000feb2       ?takeAt@QBoxLayout@@UEAAPEAVQLayoutItem@@H@Z 0000000140010eb2 f   Qt5Widgets:Qt5Widgets.dll
 0001:0000feb8       ?controlTypes@QLayoutItem@@UEBA?AV?$QFlags@W4ControlType@QSizePolicy@@@@XZ 0000000140010eb8 f   Qt5Widgets:Qt5Widgets.dll
 0001:0000febe       ?event@QRadioButton@@MEAA_NPEAVQEvent@@@Z 0000000140010ebe f   Qt5Widgets:Qt5Widgets.dll
 0001:0000fec4       ?expandingDirections@QSpacerItem@@UEBA?AV?$QFlags@W4Orientation@Qt@@@@XZ 0000000140010ec4 f   Qt5Widgets:Qt5Widgets.dll
 0001:0000feca       ?focusInEvent@QAbstractButton@@MEAAXPEAVQFocusEvent@@@Z 0000000140010eca f   Qt5Widgets:Qt5Widgets.dll
 0001:0000fed0       ?focusOutEvent@QAbstractButton@@MEAAXPEAVQFocusEvent@@@Z 0000000140010ed0 f   Qt5Widgets:Qt5Widgets.dll
 0001:0000fed6       ?geometry@QSpacerItem@@UEBA?AVQRect@@XZ 0000000140010ed6 f   Qt5Widgets:Qt5Widgets.dll
 0001:0000fedc       ?hasHeightForWidth@QLayoutItem@@UEBA_NXZ 0000000140010edc f   Qt5Widgets:Qt5Widgets.dll
 0001:0000fee2       ?heightForWidth@QLayoutItem@@UEBAHH@Z 0000000140010ee2 f   Qt5Widgets:Qt5Widgets.dll
 0001:0000fee8       ?hitButton@QRadioButton@@MEBA_NAEBVQPoint@@@Z 0000000140010ee8 f   Qt5Widgets:Qt5Widgets.dll
 0001:0000feee       ?invalidate@QLayoutItem@@UEAAXXZ 0000000140010eee f   Qt5Widgets:Qt5Widgets.dll
 0001:0000fef4       ?isEmpty@QSpacerItem@@UEBA_NXZ 0000000140010ef4 f   Qt5Widgets:Qt5Widgets.dll
 0001:0000fefa       ?keyPressEvent@QAbstractButton@@MEAAXPEAVQKeyEvent@@@Z 0000000140010efa f   Qt5Widgets:Qt5Widgets.dll
 0001:0000ff00       ?layout@QLayoutItem@@UEAAPEAVQLayout@@XZ 0000000140010f00 f   Qt5Widgets:Qt5Widgets.dll
 0001:0000ff06       ?maximumSize@QSpacerItem@@UEBA?AVQSize@@XZ 0000000140010f06 f   Qt5Widgets:Qt5Widgets.dll
 0001:0000ff0c       ?metaObject@QHBoxLayout@@UEBAPEBUQMetaObject@@XZ 0000000140010f0c f   Qt5Widgets:Qt5Widgets.dll
 0001:0000ff12       ?metaObject@QRadioButton@@UEBAPEBUQMetaObject@@XZ 0000000140010f12 f   Qt5Widgets:Qt5Widgets.dll
 0001:0000ff18       ?minimumHeightForWidth@QLayoutItem@@UEBAHH@Z 0000000140010f18 f   Qt5Widgets:Qt5Widgets.dll
 0001:0000ff1e       ?minimumSize@QSpacerItem@@UEBA?AVQSize@@XZ 0000000140010f1e f   Qt5Widgets:Qt5Widgets.dll
 0001:0000ff24       ?minimumSizeHint@QRadioButton@@UEBA?AVQSize@@XZ 0000000140010f24 f   Qt5Widgets:Qt5Widgets.dll
 0001:0000ff2a       ?mouseMoveEvent@QRadioButton@@MEAAXPEAVQMouseEvent@@@Z 0000000140010f2a f   Qt5Widgets:Qt5Widgets.dll
 0001:0000ff30       ?paintEvent@QRadioButton@@MEAAXPEAVQPaintEvent@@@Z 0000000140010f30 f   Qt5Widgets:Qt5Widgets.dll
 0001:0000ff36       ?qt_metacall@QHBoxLayout@@UEAAHW4Call@QMetaObject@@HPEAPEAX@Z 0000000140010f36 f   Qt5Widgets:Qt5Widgets.dll
 0001:0000ff3c       ?qt_metacall@QRadioButton@@UEAAHW4Call@QMetaObject@@HPEAPEAX@Z 0000000140010f3c f   Qt5Widgets:Qt5Widgets.dll
 0001:0000ff42       ?qt_metacast@QHBoxLayout@@UEAAPEAXPEBD@Z 0000000140010f42 f   Qt5Widgets:Qt5Widgets.dll
 0001:0000ff48       ?qt_metacast@QRadioButton@@UEAAPEAXPEBD@Z 0000000140010f48 f   Qt5Widgets:Qt5Widgets.dll
 0001:0000ff4e       ?setGeometry@QSpacerItem@@UEAAXAEBVQRect@@@Z 0000000140010f4e f   Qt5Widgets:Qt5Widgets.dll
 0001:0000ff54       ?sizeHint@QRadioButton@@UEBA?AVQSize@@XZ 0000000140010f54 f   Qt5Widgets:Qt5Widgets.dll
 0001:0000ff5a       ?sizeHint@QSpacerItem@@UEBA?AVQSize@@XZ 0000000140010f5a f   Qt5Widgets:Qt5Widgets.dll
 0001:0000ff60       ?spacerItem@QSpacerItem@@UEAAPEAV1@XZ 0000000140010f60 f   Qt5Widgets:Qt5Widgets.dll
 0001:0000ff66       ?checkStateSet@QCheckBox@@MEAAXXZ 0000000140010f66 f   Qt5Widgets:Qt5Widgets.dll
 0001:0000ff6c       ?event@QCheckBox@@MEAA_NPEAVQEvent@@@Z 0000000140010f6c f   Qt5Widgets:Qt5Widgets.dll
 0001:0000ff72       ?hitButton@QCheckBox@@MEBA_NAEBVQPoint@@@Z 0000000140010f72 f   Qt5Widgets:Qt5Widgets.dll
 0001:0000ff78       ?metaObject@QCheckBox@@UEBAPEBUQMetaObject@@XZ 0000000140010f78 f   Qt5Widgets:Qt5Widgets.dll
 0001:0000ff7e       ?minimumSizeHint@QCheckBox@@UEBA?AVQSize@@XZ 0000000140010f7e f   Qt5Widgets:Qt5Widgets.dll
 0001:0000ff84       ?mouseMoveEvent@QCheckBox@@MEAAXPEAVQMouseEvent@@@Z 0000000140010f84 f   Qt5Widgets:Qt5Widgets.dll
 0001:0000ff8a       ?nextCheckState@QCheckBox@@MEAAXXZ 0000000140010f8a f   Qt5Widgets:Qt5Widgets.dll
 0001:0000ff90       ?paintEvent@QCheckBox@@MEAAXPEAVQPaintEvent@@@Z 0000000140010f90 f   Qt5Widgets:Qt5Widgets.dll
 0001:0000ff96       ?qt_metacall@QCheckBox@@UEAAHW4Call@QMetaObject@@HPEAPEAX@Z 0000000140010f96 f   Qt5Widgets:Qt5Widgets.dll
 0001:0000ff9c       ?qt_metacast@QCheckBox@@UEAAPEAXPEBD@Z 0000000140010f9c f   Qt5Widgets:Qt5Widgets.dll
 0001:0000ffa2       ?sizeHint@QCheckBox@@UEBA?AVQSize@@XZ 0000000140010fa2 f   Qt5Widgets:Qt5Widgets.dll
 0001:0000ffa8       ?childEvent@QObject@@MEAAXPEAVQChildEvent@@@Z 0000000140010fa8 f   Qt5Core:Qt5Core.dll
 0001:0000ffae       ?connectNotify@QObject@@MEAAXAEBVQMetaMethod@@@Z 0000000140010fae f   Qt5Core:Qt5Core.dll
 0001:0000ffb4       ?customEvent@QObject@@MEAAXPEAVQEvent@@@Z 0000000140010fb4 f   Qt5Core:Qt5Core.dll
 0001:0000ffba       ?disconnectNotify@QObject@@MEAAXAEBVQMetaMethod@@@Z 0000000140010fba f   Qt5Core:Qt5Core.dll
 0001:0000ffc0       ?event@QObject@@UEAA_NPEAVQEvent@@@Z 0000000140010fc0 f   Qt5Core:Qt5Core.dll
 0001:0000ffc6       ?eventFilter@QObject@@UEAA_NPEAV1@PEAVQEvent@@@Z 0000000140010fc6 f   Qt5Core:Qt5Core.dll
 0001:0000ffcc       ?timerEvent@QObject@@MEAAXPEAVQTimerEvent@@@Z 0000000140010fcc f   Qt5Core:Qt5Core.dll
 0001:0000ffd2       ?qRegisterResourceData@@YA_NHPEBE00@Z 0000000140010fd2 f   Qt5Core:Qt5Core.dll
 0001:0000ffd8       ?qUnregisterResourceData@@YA_NHPEBE00@Z 0000000140010fd8 f   Qt5Core:Qt5Core.dll
 0001:0000ffde       ?_Xlength_error@std@@YAXPEBD@Z 0000000140010fde f   msvcprt:MSVCP140.dll
 0001:0000ffe4       ??2@YAPEAX_K@Z             0000000140010fe4 f   MSVCRT:new_scalar.obj
 0001:00010020       ??_V@YAXPEAX@Z             0000000140011020 f   MSVCRT:delete_array.obj
 0001:00010020       ??3@YAXPEAX_K@Z            0000000140011020 f   MSVCRT:delete_scalar_size.obj
 0001:00010028       __GSHandlerCheck_EH        0000000140011028 f   MSVCRT:gshandlereh.obj
 0001:000100c0       __security_check_cookie    00000001400110c0 f   MSVCRT:amdsecgs.obj
 0001:000100e4       ??_Etype_info@@UEAAPEAXI@Z 00000001400110e4 f i MSVCRT:std_type_info_static.obj
 0001:000100e4       ??_Gtype_info@@UEAAPEAXI@Z 00000001400110e4 f i MSVCRT:std_type_info_static.obj
 0001:00010298       _Init_thread_footer        0000000140011298 f   MSVCRT:thread_safe_statics.obj
 0001:000102f8       _Init_thread_header        00000001400112f8 f   MSVCRT:thread_safe_statics.obj
 0001:00010360       _Init_thread_notify        0000000140011360 f   MSVCRT:thread_safe_statics.obj
 0001:000103b0       _Init_thread_wait          00000001400113b0 f   MSVCRT:thread_safe_statics.obj
 0001:00010428       __GSHandlerCheck           0000000140011428 f   MSVCRT:gshandler.obj
 0001:00010448       __GSHandlerCheckCommon     0000000140011448 f   MSVCRT:gshandler.obj
 0001:000104a4       __scrt_acquire_startup_lock 00000001400114a4 f   MSVCRT:utility.obj
 0001:000104e0       __scrt_initialize_crt      00000001400114e0 f   MSVCRT:utility.obj
 0001:0001052c       __scrt_initialize_onexit_tables 000000014001152c f   MSVCRT:utility.obj
 0001:00010604       __scrt_is_nonwritable_in_current_image 0000000140011604 f   MSVCRT:utility.obj
 0001:000106a0       __scrt_release_startup_lock 00000001400116a0 f   MSVCRT:utility.obj
 0001:000106c4       __scrt_uninitialize_crt    00000001400116c4 f   MSVCRT:utility.obj
 0001:000106f0       _onexit                    00000001400116f0 f   MSVCRT:utility.obj
 0001:00010740       atexit                     0000000140011740 f   MSVCRT:utility.obj
 0001:000109b0       WinMainCRTStartup          00000001400119b0 f   MSVCRT:exe_winmain.obj
 0001:000109c4       ??3@YAXPEAX@Z              00000001400119c4 f   MSVCRT:delete_scalar.obj
 0001:000109cc       ??0bad_alloc@std@@QEAA@AEBV01@@Z 00000001400119cc f i MSVCRT:throw_bad_alloc.obj
 0001:00010a0c       ??0bad_alloc@std@@QEAA@XZ  0000000140011a0c f i MSVCRT:throw_bad_alloc.obj
 0001:00010a2c       ??0bad_array_new_length@std@@QEAA@AEBV01@@Z 0000000140011a2c f i MSVCRT:throw_bad_alloc.obj
 0001:00010a6c       ??0bad_array_new_length@std@@QEAA@XZ 0000000140011a6c f i MSVCRT:throw_bad_alloc.obj
 0001:00010a8c       ??0exception@std@@QEAA@AEBV01@@Z 0000000140011a8c f i MSVCRT:throw_bad_alloc.obj
 0001:00010ac4       ??1bad_array_new_length@std@@UEAA@XZ 0000000140011ac4 f i MSVCRT:throw_bad_alloc.obj
 0001:00010ac4       ??1bad_alloc@std@@UEAA@XZ  0000000140011ac4 f i MSVCRT:throw_bad_alloc.obj
 0001:00010ad8       ??_Ebad_array_new_length@std@@UEAAPEAXI@Z 0000000140011ad8 f i MSVCRT:throw_bad_alloc.obj
 0001:00010ad8       ??_Ebad_alloc@std@@UEAAPEAXI@Z 0000000140011ad8 f i MSVCRT:throw_bad_alloc.obj
 0001:00010ad8       ??_Gexception@std@@UEAAPEAXI@Z 0000000140011ad8 f i MSVCRT:throw_bad_alloc.obj
 0001:00010ad8       ??_Gbad_array_new_length@std@@UEAAPEAXI@Z 0000000140011ad8 f i MSVCRT:throw_bad_alloc.obj
 0001:00010ad8       ??_Eexception@std@@UEAAPEAXI@Z 0000000140011ad8 f i MSVCRT:throw_bad_alloc.obj
 0001:00010ad8       ??_Gbad_alloc@std@@UEAAPEAXI@Z 0000000140011ad8 f i MSVCRT:throw_bad_alloc.obj
 0001:00010b1c       ?__scrt_throw_std_bad_alloc@@YAXXZ 0000000140011b1c f   MSVCRT:throw_bad_alloc.obj
 0001:00010b3c       ?__scrt_throw_std_bad_array_new_length@@YAXXZ 0000000140011b3c f   MSVCRT:throw_bad_alloc.obj
 0001:00010b5c       ?what@exception@std@@UEBAPEBDXZ 0000000140011b5c f i MSVCRT:throw_bad_alloc.obj
 0001:00010b70       __raise_securityfailure    0000000140011b70 f   MSVCRT:gs_report.obj
 0001:00010ba4       __report_gsfailure         0000000140011ba4 f   MSVCRT:gs_report.obj
 0001:00010cec       __crt_debugger_hook        0000000140011cec f   MSVCRT:utility_desktop.obj
 0001:00010cf4       __scrt_fastfail            0000000140011cf4 f   MSVCRT:utility_desktop.obj
 0001:00010e40       __scrt_get_show_window_mode 0000000140011e40 f   MSVCRT:utility_desktop.obj
 0001:00010e7c       __scrt_initialize_mta      0000000140011e7c f   MSVCRT:utility_desktop.obj
 0001:00010e84       __scrt_exe_initialize_mta  0000000140011e84 f   MSVCRT:utility_desktop.obj
 0001:00010e84       _get_startup_thread_locale_mode 0000000140011e84 f   MSVCRT:thread_locale.obj
 0001:00010e84       _get_startup_commit_mode   0000000140011e84 f   MSVCRT:commit_mode.obj
 0001:00010e84       __scrt_stub_for_initialize_mta 0000000140011e84 f   MSVCRT:utility_desktop.obj
 0001:00010e84       _get_startup_new_mode      0000000140011e84 f   MSVCRT:new_mode.obj
 0001:00010e84       _matherr                   0000000140011e84 f   MSVCRT:matherr.obj
 0001:00010e84       __scrt_initialize_winrt    0000000140011e84 f   MSVCRT:utility_desktop.obj
 0001:00010e88       __scrt_is_managed_app      0000000140011e88 f   MSVCRT:utility_desktop.obj
 0001:00010edc       __scrt_set_unhandled_exception_filter 0000000140011edc f   MSVCRT:utility_desktop.obj
 0001:00010eec       __scrt_unhandled_exception_filter 0000000140011eec f   MSVCRT:utility_desktop.obj
 0001:00010f24       __isa_available_init       0000000140011f24 f   MSVCRT:cpu_disp.obj
 0001:000110a0       _get_startup_argv_mode     00000001400120a0 f   MSVCRT:argv_mode.obj
 0001:000110a8       __scrt_is_ucrt_dll_in_use  00000001400120a8 f   MSVCRT:ucrt_detection.obj
 0001:000110b4       __security_init_cookie     00000001400120b4 f   MSVCRT:gs_support.obj
 0001:00011160       _get_startup_file_mode     0000000140012160 f   MSVCRT:file_mode.obj
 0001:00011168       ?__scrt_initialize_type_info@@YAXXZ 0000000140012168 f   MSVCRT:tncleanup.obj
 0001:00011178       _should_initialize_environment 0000000140012178 f   MSVCRT:env_mode.obj
 0001:00011178       __vcrt_initialize          0000000140012178 f   MSVCRT:ucrt_stubs.obj
 0001:00011178       __vcrt_uninitialize        0000000140012178 f   MSVCRT:ucrt_stubs.obj
[...]
 0004:00000f48       $pdata$?dtor$4@?0??GetAppSetFile@IniSetting@@CA?AVQString@@W4SETTING_TYPE@1@@Z@4HA 0000000140047f48     IniSetting.obj
 0004:00000f54       $pdata$?dtor$6@?0??GetAppSetFile@IniSetting@@CA?AVQString@@W4SETTING_TYPE@1@@Z@4HA 0000000140047f54     IniSetting.obj
 0004:00000744       $pdata$??_GQCheckBox@@UEAAPEAXI@Z 0000000140047744     MainToolbarPanel.obj
 0004:000007bc       $pdata$?setupUi@Ui_maintoolbar_root@@QEAAXPEAVQWidget@@@Z 00000001400477bc     MainToolbarPanel.obj
 0004:000007b0       $pdata$?retranslateUi@Ui_maintoolbar_root@@QEAAXPEAVQWidget@@@Z 00000001400477b0     MainToolbarPanel.obj
 0004:0000072c       $pdata$??0MainToolbarPanel@@QEAA@PEAVAppMainWnd@@HPEAVQWidget@@@Z 000000014004772c     MainToolbarPanel.obj
 0004:00000750       $pdata$?Init@MainToolbarPanel@@UEAAXXZ 0000000140047750     MainToolbarPanel.obj
 0004:00000fb4       $pdata$?dtor$0@?0??Init@MainToolbarPanel@@UEAAXXZ@4HA 0000000140047fb4     MainToolbarPanel.obj
 0004:000007a4       $pdata$?OnPanelMouseDoubleClick@MainToolbarPanel@@MEAAXPEAVQMouseEvent@@@Z 00000001400477a4     MainToolbarPanel.obj
 0004:0000075c       $pdata$?OnChkFitIn@MainToolbarPanel@@QEAAX_N@Z 000000014004775c     MainToolbarPanel.obj
 0004:00000768       $pdata$0$?OnChkFitIn@MainToolbarPanel@@QEAAX_N@Z 0000000140047768     MainToolbarPanel.obj
 0004:00000774       $pdata$1$?OnChkFitIn@MainToolbarPanel@@QEAAX_N@Z 0000000140047774     MainToolbarPanel.obj
 0004:00000780       $pdata$?OnChkShowFileInfo@MainToolbarPanel@@QEAAX_N@Z 0000000140047780     MainToolbarPanel.obj
 0004:0000078c       $pdata$0$?OnChkShowFileInfo@MainToolbarPanel@@QEAAX_N@Z 000000014004778c     MainToolbarPanel.obj
 0004:00000798       $pdata$1$?OnChkShowFileInfo@MainToolbarPanel@@QEAAX_N@Z 0000000140047798     MainToolbarPanel.obj
 0004:00000738       $pdata$??_GMainToolbarPanel@@UEAAPEAXI@Z 0000000140047738     MainToolbarPanel.obj
 0004:000007c8       $pdata$?UnInit@MenuManager@@QEAAXXZ 00000001400477c8     MenuManager.obj
 0004:00000000       $pdata$??__EstrQssMenu@@YAXXZ 0000000140047000     MenuManager.obj
 0004:000007d4       $pdata$??0MyPanelBase@@QEAA@PEAVAppMainWnd@@HPEAVQWidget@@@Z 00000001400477d4     MyPanelBase.obj
 0004:000007ec       $pdata$?Init@MyPanelBase@@UEAAXXZ 00000001400477ec     MyPanelBase.obj
 0004:000007f8       $pdata$0$?Init@MyPanelBase@@UEAAXXZ 00000001400477f8     MyPanelBase.obj
 0004:00000804       $pdata$1$?Init@MyPanelBase@@UEAAXXZ 0000000140047804     MyPanelBase.obj
 0004:00000810       $pdata$?Show@MyPanelBase@@UEAAX_N@Z 0000000140047810     MyPanelBase.obj
 0004:000007e0       $pdata$??_GMyPanelBase@@UEAAPEAXI@Z 00000001400477e0     MyPanelBase.obj
 0004:0000081c       $pdata$??0MyWidget@@QEAA@PEAVQWidget@@V?$QFlags@W4WindowType@Qt@@@@@Z 000000014004781c     MyWidget.obj
 0004:0000087c       $pdata$?resizeEvent@MyWidget@@MEAAXPEAVQResizeEvent@@@Z 000000014004787c     MyWidget.obj
 0004:00000834       $pdata$?keyPressEvent@MyWidget@@MEAAXPEAVQKeyEvent@@@Z 0000000140047834     MyWidget.obj
 0004:00000840       $pdata$?keyReleaseEvent@MyWidget@@MEAAXPEAVQKeyEvent@@@Z 0000000140047840     MyWidget.obj
 0004:00000864       $pdata$?mousePressEvent@MyWidget@@MEAAXPEAVQMouseEvent@@@Z 0000000140047864     MyWidget.obj
 0004:00000858       $pdata$?mouseMoveEvent@MyWidget@@MEAAXPEAVQMouseEvent@@@Z 0000000140047858     MyWidget.obj
 0004:00000870       $pdata$?mouseReleaseEvent@MyWidget@@MEAAXPEAVQMouseEvent@@@Z 0000000140047870     MyWidget.obj
 0004:0000084c       $pdata$?mouseDoubleClickEvent@MyWidget@@MEAAXPEAVQMouseEvent@@@Z 000000014004784c     MyWidget.obj
 0004:00000888       $pdata$?wheelEvent@MyWidget@@MEAAXPEAVQWheelEvent@@@Z 0000000140047888     MyWidget.obj
 0004:00000828       $pdata$??_GMyWidget@@UEAAPEAXI@Z 0000000140047828     MyWidget.obj
 0004:00000894       $pdata$?SetWidgetBackColor@QTUICommon@@SAXPEAVQWidget@@AEBVQColor@@@Z 0000000140047894     QTUICommon.obj
 0004:000008a0       $pdata$??0MyDrawWidget@@QEAA@HPEAVQWidget@@V?$QFlags@W4WindowType@Qt@@@@@Z 00000001400478a0     MyDrawWidget.obj
 0004:000008b8       $pdata$?SetCurrentImgRect@MyDrawWidget@@QEAAXVQRect@@@Z 00000001400478b8     MyDrawWidget.obj
 0004:000008c4       $pdata$?SetUpdateViewRect@MyDrawWidget@@QEAAXVQRect@@@Z 00000001400478c4     MyDrawWidget.obj
 0004:000008f4       $pdata$?paintEvent@MyDrawWidget@@MEAAXPEAVQPaintEvent@@@Z 00000001400478f4     MyDrawWidget.obj
 0004:00000900       $pdata$?resizeEvent@MyDrawWidget@@MEAAXPEAVQResizeEvent@@@Z 0000000140047900     MyDrawWidget.obj
 0004:000008dc       $pdata$?mousePressEvent@MyDrawWidget@@MEAAXPEAVQMouseEvent@@@Z 00000001400478dc     MyDrawWidget.obj
 0004:000008d0       $pdata$?mouseMoveEvent@MyDrawWidget@@MEAAXPEAVQMouseEvent@@@Z 00000001400478d0     MyDrawWidget.obj
 0004:000008e8       $pdata$?mouseReleaseEvent@MyDrawWidget@@MEAAXPEAVQMouseEvent@@@Z 00000001400478e8     MyDrawWidget.obj
 0004:000008ac       $pdata$??_GMyDrawWidget@@UEAAPEAXI@Z 00000001400478ac     MyDrawWidget.obj
 0004:000009c0       $pdata$?setupUi@Ui_titlebar_root@@QEAAXPEAVQWidget@@@Z 00000001400479c0     TitleBar.obj
 0004:00000fcc       $pdata$?dtor$3@?0??setupUi@Ui_titlebar_root@@QEAAXPEAVQWidget@@@Z@4HA 0000000140047fcc     TitleBar.obj
 0004:00000fcc       $pdata$?dtor$14@?0??setupUi@Ui_titlebar_root@@QEAAXPEAVQWidget@@@Z@4HA 0000000140047fcc     TitleBar.obj
 0004:00000fd8       $pdata$?dtor$11@?0??setupUi@Ui_titlebar_root@@QEAAXPEAVQWidget@@@Z@4HA 0000000140047fd8     TitleBar.obj
 0004:00000fd8       $pdata$?dtor$19@?0??setupUi@Ui_titlebar_root@@QEAAXPEAVQWidget@@@Z@4HA 0000000140047fd8     TitleBar.obj
 0004:00000fd8       $pdata$?dtor$16@?0??setupUi@Ui_titlebar_root@@QEAAXPEAVQWidget@@@Z@4HA 0000000140047fd8     TitleBar.obj
 0004:00000fd8       $pdata$?dtor$6@?0??setupUi@Ui_titlebar_root@@QEAAXPEAVQWidget@@@Z@4HA 0000000140047fd8     TitleBar.obj
 0004:00000fd8       $pdata$?dtor$25@?0??setupUi@Ui_titlebar_root@@QEAAXPEAVQWidget@@@Z@4HA 0000000140047fd8     TitleBar.obj
 0004:00000fd8       $pdata$?dtor$22@?0??setupUi@Ui_titlebar_root@@QEAAXPEAVQWidget@@@Z@4HA 0000000140047fd8     TitleBar.obj
 0004:00000fd8       $pdata$?dtor$12@?0??setupUi@Ui_titlebar_root@@QEAAXPEAVQWidget@@@Z@4HA 0000000140047fd8     TitleBar.obj
 0004:00000fd8       $pdata$?dtor$5@?0??setupUi@Ui_titlebar_root@@QEAAXPEAVQWidget@@@Z@4HA 0000000140047fd8     TitleBar.obj
 0004:000009b4       $pdata$?retranslateUi@Ui_titlebar_root@@QEAAXPEAVQWidget@@@Z 00000001400479b4     TitleBar.obj
 0004:0000090c       $pdata$??0TitleBar@@QEAA@PEAVAppMainWnd@@HPEAVQWidget@@@Z 000000014004790c     TitleBar.obj
 0004:00000924       $pdata$?Init@TitleBar@@UEAAXXZ 0000000140047924     TitleBar.obj
 0004:0000099c       $pdata$?UnInit@TitleBar@@UEAAXXZ 000000014004799c     TitleBar.obj
 0004:00000990       $pdata$?Show@TitleBar@@UEAAX_N@Z 0000000140047990     TitleBar.obj
 0004:0000096c       $pdata$?OnPanelMousePress@TitleBar@@UEAAXPEAVQMouseEvent@@@Z 000000014004796c     TitleBar.obj
 0004:00000978       $pdata$0$?OnPanelMousePress@TitleBar@@UEAAXPEAVQMouseEvent@@@Z 0000000140047978     TitleBar.obj
 0004:00000984       $pdata$1$?OnPanelMousePress@TitleBar@@UEAAXPEAVQMouseEvent@@@Z 0000000140047984     TitleBar.obj
 0004:00000960       $pdata$?OnPanelMouseMove@TitleBar@@UEAAXPEAVQMouseEvent@@@Z 0000000140047960     TitleBar.obj
 0004:00000954       $pdata$?OnPanelMouseDoubleClick@TitleBar@@UEAAXPEAVQMouseEvent@@@Z 0000000140047954     TitleBar.obj
 0004:000009a8       $pdata$?UpdateTitleBar@TitleBar@@QEAAXXZ 00000001400479a8     TitleBar.obj
 0004:0000093c       $pdata$?OnMaxWndClicked@TitleBar@@AEAAX_N@Z 000000014004793c     TitleBar.obj
 0004:00000948       $pdata$?OnMinWndClicked@TitleBar@@AEAAX_N@Z 0000000140047948     TitleBar.obj
 0004:00000930       $pdata$?OnAboutClicked@TitleBar@@AEAAX_N@Z 0000000140047930     TitleBar.obj
 0004:00000fc0       $pdata$?dtor$0@?0??OnAboutClicked@TitleBar@@AEAAX_N@Z@4HA 0000000140047fc0     TitleBar.obj
 0004:00000918       $pdata$??_GTitleBar@@UEAAPEAXI@Z 0000000140047918     TitleBar.obj
 0004:00000a20       $pdata$?detach_helper@?$QList@VQString@@@@AEAAXH@Z 0000000140047a20     main.obj
 0004:00000fe4       $pdata$?catch$0@?0??detach_helper@?$QList@VQString@@@@AEAAXH@Z@4HA 0000000140047fe4     main.obj
 0004:000009cc       $pdata$?ExceptionFilter@CrashDump@@SAJPEAU_EXCEPTION_POINTERS@@@Z 00000001400479cc     main.obj
 0004:000009d8       $pdata$1$?ExceptionFilter@CrashDump@@SAJPEAU_EXCEPTION_POINTERS@@@Z 00000001400479d8     main.obj
 0004:000009e4       $pdata$2$?ExceptionFilter@CrashDump@@SAJPEAU_EXCEPTION_POINTERS@@@Z 00000001400479e4     main.obj
 0004:000009f0       $pdata$4$?ExceptionFilter@CrashDump@@SAJPEAU_EXCEPTION_POINTERS@@@Z 00000001400479f0     main.obj
 0004:000009fc       $pdata$5$?ExceptionFilter@CrashDump@@SAJPEAU_EXCEPTION_POINTERS@@@Z 00000001400479fc     main.obj
 0004:00000a08       $pdata$6$?ExceptionFilter@CrashDump@@SAJPEAU_EXCEPTION_POINTERS@@@Z 0000000140047a08     main.obj
 0004:00000a14       $pdata$7$?ExceptionFilter@CrashDump@@SAJPEAU_EXCEPTION_POINTERS@@@Z 0000000140047a14     main.obj
 0004:00000a2c       $pdata$main                0000000140047a2c     main.obj
 0004:00000ff0       $pdata$main$dtor$3         0000000140047ff0     main.obj
 0004:00000ffc       $pdata$main$dtor$5         0000000140047ffc     main.obj
 0004:00001008       $pdata$main$dtor$9         0000000140048008     main.obj
 0004:0000000c       $pdata$??__Edummy@?A0x7ab48115@@YAXXZ 000000014004700c     qrc_appmainwnd.obj
 0004:0000102c       $pdata$??__Fdummy@?A0x7ab48115@@YAXXZ 000000014004802c     qrc_appmainwnd.obj
 0004:00000a38       $pdata$?qt_metacall@MainToolbarPanel@@UEAAHW4Call@QMetaObject@@HPEAPEAX@Z 0000000140047a38     moc_MainToolbarPanel.obj
 0004:00000a50       $pdata$?qt_metacall@MyDrawWidget@@UEAAHW4Call@QMetaObject@@HPEAPEAX@Z 0000000140047a50     moc_MyDrawWidget.obj
 0004:00000a5c       $pdata$?qt_static_metacall@MyDrawWidget@@CAXPEAVQObject@@W4Call@QMetaObject@@HPEAPEAX@Z 0000000140047a5c     moc_MyDrawWidget.obj
 0004:00000a44       $pdata$?AddRectEnd@MyDrawWidget@@QEAAXH@Z 0000000140047a44     moc_MyDrawWidget.obj
 0004:00000a68       $pdata$?qt_metacall@AppMainWnd@@UEAAHW4Call@QMetaObject@@HPEAPEAX@Z 0000000140047a68     moc_AppMainWnd.obj
 0004:00000a74       $pdata$?qt_static_metacall@AppMainWnd@@CAXPEAVQObject@@W4Call@QMetaObject@@HPEAPEAX@Z 0000000140047a74     moc_AppMainWnd.obj
 0004:00000a80       $pdata$?qt_metacall@DlgHelp@@UEAAHW4Call@QMetaObject@@HPEAPEAX@Z 0000000140047a80     moc_DlgHelp.obj
 0004:00000a8c       $pdata$?qt_metacall@CompareViewPanel@@UEAAHW4Call@QMetaObject@@HPEAPEAX@Z 0000000140047a8c     moc_CompareViewPanel.obj
 0004:00000ad4       $pdata$?qt_static_metacall@MyLabel@@CAXPEAVQObject@@W4Call@QMetaObject@@HPEAPEAX@Z 0000000140047ad4     moc_MyLabel.obj
 0004:00000ac8       $pdata$?onResize@MyLabel@@QEAAXPEAVQResizeEvent@@@Z 0000000140047ac8     moc_MyLabel.obj
 0004:00000ab0       $pdata$?onMousePressEvent@MyLabel@@QEAAXPEAVQMouseEvent@@@Z 0000000140047ab0     moc_MyLabel.obj
 0004:00000aa4       $pdata$?onMouseMoveEvent@MyLabel@@QEAAXPEAVQMouseEvent@@@Z 0000000140047aa4     moc_MyLabel.obj
 0004:00000abc       $pdata$?onMouseReleaseEvent@MyLabel@@QEAAXPEAVQMouseEvent@@@Z 0000000140047abc     moc_MyLabel.obj
 0004:00000a98       $pdata$?onMouseDoubleClickEvent@MyLabel@@QEAAXPEAVQMouseEvent@@@Z 0000000140047a98     moc_MyLabel.obj
 0004:00000ae0       $pdata$?qt_metacall@MyPanelBase@@UEAAHW4Call@QMetaObject@@HPEAPEAX@Z 0000000140047ae0     moc_MyPanelBase.obj
 0004:00000b4c       $pdata$?qt_metacall@MyWidget@@UEAAHW4Call@QMetaObject@@HPEAPEAX@Z 0000000140047b4c     moc_MyWidget.obj
 0004:00000b40       $pdata$?onResize@MyWidget@@QEAAXPEAVQResizeEvent@@@Z 0000000140047b40     moc_MyWidget.obj
 0004:00000b1c       $pdata$?onMousePressEvent@MyWidget@@QEAAXPEAVQMouseEvent@@@Z 0000000140047b1c     moc_MyWidget.obj
 0004:00000b10       $pdata$?onMouseMoveEvent@MyWidget@@QEAAXPEAVQMouseEvent@@@Z 0000000140047b10     moc_MyWidget.obj
 0004:00000b28       $pdata$?onMouseReleaseEvent@MyWidget@@QEAAXPEAVQMouseEvent@@@Z 0000000140047b28     moc_MyWidget.obj
 0004:00000b04       $pdata$?onMouseDoubleClickEvent@MyWidget@@QEAAXPEAVQMouseEvent@@@Z 0000000140047b04     moc_MyWidget.obj
 0004:00000b34       $pdata$?onMouseWheelEvent@MyWidget@@QEAAXPEAVQWheelEvent@@@Z 0000000140047b34     moc_MyWidget.obj
 0004:00000aec       $pdata$?onKeyPressEvent@MyWidget@@QEAAXPEAVQKeyEvent@@@Z 0000000140047aec     moc_MyWidget.obj
 0004:00000af8       $pdata$?onKeyReleaseEvent@MyWidget@@QEAAXPEAVQKeyEvent@@@Z 0000000140047af8     moc_MyWidget.obj
 0004:00000b64       $pdata$?qt_metacall@FileBrowser@@UEAAHW4Call@QMetaObject@@HPEAPEAX@Z 0000000140047b64     moc_FileBrowser.obj
 0004:00000b70       $pdata$?qt_static_metacall@FileBrowser@@CAXPEAVQObject@@W4Call@QMetaObject@@HPEAPEAX@Z 0000000140047b70     moc_FileBrowser.obj
 0004:00000b58       $pdata$?FileSelected@FileBrowser@@QEAAXVQStringList@@@Z 0000000140047b58     moc_FileBrowser.obj
 0004:00000b7c       $pdata$?qt_metacall@HomePage@@UEAAHW4Call@QMetaObject@@HPEAPEAX@Z 0000000140047b7c     moc_HomePage.obj
 0004:00000b94       $pdata$?qt_metacall@TitleBar@@UEAAHW4Call@QMetaObject@@HPEAPEAX@Z 0000000140047b94     moc_TitleBar.obj
 0004:00000b88       $pdata$?MaxWndClickedEvent@TitleBar@@QEAAX_N@Z 0000000140047b88     moc_TitleBar.obj
 0004:00000ba0       $pdata$??2@YAPEAX_K@Z      0000000140047ba0     MSVCRT:new_scalar.obj
 0004:00000bac       $pdata$__GSHandlerCheck_EH 0000000140047bac     MSVCRT:gshandlereh.obj
 0004:00000bc4       $pdata$??_Gtype_info@@UEAAPEAXI@Z 0000000140047bc4     MSVCRT:std_type_info_static.obj
 0004:00000bf4       $pdata$_Init_thread_header 0000000140047bf4     MSVCRT:thread_safe_statics.obj
 0004:00000be8       $pdata$_Init_thread_footer 0000000140047be8     MSVCRT:thread_safe_statics.obj
 0004:00000c0c       $pdata$_Init_thread_wait   0000000140047c0c     MSVCRT:thread_safe_statics.obj
 0004:00000c00       $pdata$_Init_thread_notify 0000000140047c00     MSVCRT:thread_safe_statics.obj
 0004:00000bdc       $pdata$?__scrt_uninitialize_thread_safe_statics@@YAXXZ 0000000140047bdc     MSVCRT:thread_safe_statics.obj
 0004:00000bd0       $pdata$?__scrt_initialize_thread_safe_statics@@YAHXZ 0000000140047bd0     MSVCRT:thread_safe_statics.obj
 0004:00000c24       $pdata$__GSHandlerCheckCommon 0000000140047c24     MSVCRT:gshandler.obj
 0004:00000c18       $pdata$__GSHandlerCheck    0000000140047c18     MSVCRT:gshandler.obj
 0004:00000c84       $pdata$atexit              0000000140047c84     MSVCRT:utility.obj
 0004:00000c78       $pdata$_onexit             0000000140047c78     MSVCRT:utility.obj
 0004:00000c54       $pdata$__scrt_is_nonwritable_in_current_image 0000000140047c54     MSVCRT:utility.obj
 0004:00001014       $pdata$__scrt_is_nonwritable_in_current_image$filt$0 0000000140048014     MSVCRT:utility.obj
 0004:00000c30       $pdata$__scrt_acquire_startup_lock 0000000140047c30     MSVCRT:utility.obj
 0004:00000c60       $pdata$__scrt_release_startup_lock 0000000140047c60     MSVCRT:utility.obj
 0004:00000c3c       $pdata$__scrt_initialize_crt 0000000140047c3c     MSVCRT:utility.obj
 0004:00000c6c       $pdata$__scrt_uninitialize_crt 0000000140047c6c     MSVCRT:utility.obj
 0004:00000c48       $pdata$__scrt_initialize_onexit_tables 0000000140047c48     MSVCRT:utility.obj
 0004:00000c90       $pdata$?pre_c_initialization@@YAHXZ 0000000140047c90     MSVCRT:exe_winmain.obj
 0004:00000c9c       $pdata$?post_pgo_initialization@@YAHXZ 0000000140047c9c     MSVCRT:exe_winmain.obj
 0004:00000ca8       $pdata$?pre_cpp_initialization@@YAXXZ 0000000140047ca8     MSVCRT:exe_winmain.obj
 0004:00000cb4       $pdata$?__scrt_common_main_seh@@YAHXZ 0000000140047cb4     MSVCRT:exe_winmain.obj
 0004:00001020       $pdata$?filt$0@?0??__scrt_common_main_seh@@YAHXZ@4HA 0000000140048020     MSVCRT:exe_winmain.obj
 0004:00000cc0       $pdata$WinMainCRTStartup   0000000140047cc0     MSVCRT:exe_winmain.obj
 0004:00000ce4       $pdata$??0exception@std@@QEAA@AEBV01@@Z 0000000140047ce4     MSVCRT:throw_bad_alloc.obj
 0004:00000cf0       $pdata$??_Gbad_alloc@std@@UEAAPEAXI@Z 0000000140047cf0     MSVCRT:throw_bad_alloc.obj
 0004:00000cf0       $pdata$??_Gexception@std@@UEAAPEAXI@Z 0000000140047cf0     MSVCRT:throw_bad_alloc.obj
 0004:00000cf0       $pdata$??_Gbad_array_new_length@std@@UEAAPEAXI@Z 0000000140047cf0     MSVCRT:throw_bad_alloc.obj
 0004:00000ccc       $pdata$??0bad_alloc@std@@QEAA@AEBV01@@Z 0000000140047ccc     MSVCRT:throw_bad_alloc.obj
 0004:00000cd8       $pdata$??0bad_array_new_length@std@@QEAA@AEBV01@@Z 0000000140047cd8     MSVCRT:throw_bad_alloc.obj
 0004:00000cfc       $pdata$?__scrt_throw_std_bad_alloc@@YAXXZ 0000000140047cfc     MSVCRT:throw_bad_alloc.obj
 0004:00000d08       $pdata$?__scrt_throw_std_bad_array_new_length@@YAXXZ 0000000140047d08     MSVCRT:throw_bad_alloc.obj
 0004:00000d20       $pdata$__report_gsfailure  0000000140047d20     MSVCRT:gs_report.obj
 0004:00000d2c       $pdata$capture_previous_context 0000000140047d2c     MSVCRT:gs_report.obj
 0004:00000d14       $pdata$__raise_securityfailure 0000000140047d14     MSVCRT:gs_report.obj
 0004:00000d44       $pdata$__scrt_get_show_window_mode 0000000140047d44     MSVCRT:utility_desktop.obj
 0004:00000d50       $pdata$__scrt_is_managed_app 0000000140047d50     MSVCRT:utility_desktop.obj
 0004:00000d38       $pdata$__scrt_fastfail     0000000140047d38     MSVCRT:utility_desktop.obj
 0004:00000d5c       $pdata$__scrt_unhandled_exception_filter 0000000140047d5c     MSVCRT:utility_desktop.obj
 0004:00000d68       $pdata$__isa_available_init 0000000140047d68     MSVCRT:cpu_disp.obj
 0004:00000d74       $pdata$__security_init_cookie 0000000140047d74     MSVCRT:gs_support.obj
 0004:00000d80       $pdata$__scrt_initialize_default_local_stdio_options 0000000140047d80     MSVCRT:default_local_stdio_options.obj
 0004:00000d8c       $pdata$_RTC_Initialize     0000000140047d8c     MSVCRT:initsect.obj
 0004:00000d98       $pdata$_RTC_Terminate      0000000140047d98     MSVCRT:initsect.obj
 0004:00000da4       $pdata$WinMain             0000000140047da4     qtmain:qtmain_win.obj
 0004:00000db0       $pdata$4$WinMain           0000000140047db0     qtmain:qtmain_win.obj
 0004:00000dbc       $pdata$5$WinMain           0000000140047dbc     qtmain:qtmain_win.obj
 0005:000003f0       $R000000                   00000001400493f0     ArcCompareView.res
 0005:00000748       $R000358                   0000000140049748     ArcCompareView.res
 0005:00000db0       $R0009C0                   0000000140049db0     ArcCompareView.res
 0005:00001098       $R000CA8                   000000014004a098     ArcCompareView.res
 0005:00001280       $R000E90                   000000014004a280     ArcCompareView.res
 0005:000013a8       $R000FB8                   000000014004a3a8     ArcCompareView.res
 0005:00002250       $R001E60                   000000014004b250     ArcCompareView.res
 0005:00002af8       $R002708                   000000014004baf8     ArcCompareView.res
 0005:000031c0       $R002DD0                   000000014004c1c0     ArcCompareView.res
 0005:00003728       $R003338                   000000014004c728     ArcCompareView.res
 0005:000057e8       $R0053F8                   000000014004e7e8     ArcCompareView.res
 0005:00016010       $R015C20                   000000014005f010     ArcCompareView.res
 0005:0001a238       $R019E48                   0000000140063238     ArcCompareView.res
 0005:0001c7e0       $R01C3F0                   00000001400657e0     ArcCompareView.res
 0005:0001d888       $R01D498                   0000000140066888     ArcCompareView.res
 0005:0001e210       $R01DE20                   0000000140067210     ArcCompareView.res
 0005:0001e678       $R01E288                   0000000140067678     ArcCompareView.res
 0005:0001e750       $R01E360                   0000000140067750     ArcCompareView.res
